MemTotal:       97452780 kB
MemFree:        95382096 kB
MemAvailable:   95664820 kB
Buffers:          149800 kB
Cached:           896136 kB
SwapCached:            0 kB
Active:           609344 kB
Inactive:         463236 kB
Active(anon):      26808 kB
Inactive(anon):     9048 kB
Active(file):     582536 kB
Inactive(file):   454188 kB
Unevictable:           0 kB
Mlocked:               0 kB
SwapTotal:       3905532 kB
SwapFree:        3905532 kB
Dirty:               904 kB
Writeback:             0 kB
AnonPages:         26644 kB
Mapped:            35932 kB
Shmem:              9216 kB
Slab:             311064 kB
SReclaimable:     122712 kB
SUnreclaim:       188352 kB
KernelStack:        6880 kB
PageTables:         1160 kB
NFS_Unstable:          0 kB
Bounce:                0 kB
WritebackTmp:          0 kB
CommitLimit:    52631920 kB
Committed_AS:     737528 kB
VmallocTotal:   34359738367 kB
VmallocUsed:           0 kB
VmallocChunk:          0 kB
Percpu:            17760 kB
HardwareCorrupted:     0 kB
AnonHugePages:     57344 kB
ShmemHugePages:        0 kB
ShmemPmdMapped:        0 kB
HugePages_Total:       0
HugePages_Free:        0
HugePages_Rsvd:        0
HugePages_Surp:        0
Hugepagesize:       2048 kB
Hugetlb:               0 kB
DirectMap4k:      239344 kB
DirectMap2M:     5537792 kB
DirectMap1G:    95420416 kB
