MemTotal:       196669448 kB
MemFree:        195807796 kB
MemAvailable:   195011996 kB
Buffers:           11300 kB
Cached:            98704 kB
SwapCached:            0 kB
Active:            95856 kB
Inactive:          31496 kB
Active(anon):      18304 kB
Inactive(anon):     9764 kB
Active(file):      77552 kB
Inactive(file):    21732 kB
Unevictable:           0 kB
Mlocked:               0 kB
SwapTotal:       3905532 kB
SwapFree:        3905532 kB
Dirty:               164 kB
Writeback:             0 kB
AnonPages:         18244 kB
Mapped:            23732 kB
Shmem:              9952 kB
Slab:             183424 kB
SReclaimable:      57036 kB
SUnreclaim:       126388 kB
KernelStack:       10256 kB
PageTables:          720 kB
NFS_Unstable:          0 kB
Bounce:                0 kB
WritebackTmp:          0 kB
CommitLimit:    102240256 kB
Committed_AS:     313312 kB
VmallocTotal:   34359738367 kB
VmallocUsed:           0 kB
VmallocChunk:          0 kB
Percpu:            22272 kB
HardwareCorrupted:     0 kB
AnonHugePages:         0 kB
ShmemHugePages:        0 kB
ShmemPmdMapped:        0 kB
HugePages_Total:       0
HugePages_Free:        0
HugePages_Rsvd:        0
HugePages_Surp:        0
Hugepagesize:       2048 kB
Hugetlb:               0 kB
DirectMap4k:      247892 kB
DirectMap2M:     5660672 kB
DirectMap1G:    196083712 kB
