MemTotal:       196669448 kB
MemFree:        194768596 kB
MemAvailable:   194707600 kB
Buffers:          144832 kB
Cached:           899516 kB
SwapCached:            0 kB
Active:           599764 kB
Inactive:         469028 kB
Active(anon):      25152 kB
Inactive(anon):     9744 kB
Active(file):     574612 kB
Inactive(file):   459284 kB
Unevictable:           0 kB
Mlocked:               0 kB
SwapTotal:       3905532 kB
SwapFree:        3905532 kB
Dirty:              8864 kB
Writeback:             0 kB
AnonPages:         24292 kB
Mapped:            37164 kB
Shmem:              9952 kB
Slab:             332760 kB
SReclaimable:     126764 kB
SUnreclaim:       205996 kB
KernelStack:       11552 kB
PageTables:         2760 kB
NFS_Unstable:          0 kB
Bounce:                0 kB
WritebackTmp:          0 kB
CommitLimit:    102240256 kB
Committed_AS:     793780 kB
VmallocTotal:   34359738367 kB
VmallocUsed:           0 kB
VmallocChunk:          0 kB
Percpu:            22272 kB
HardwareCorrupted:     0 kB
AnonHugePages:     16384 kB
ShmemHugePages:        0 kB
ShmemPmdMapped:        0 kB
HugePages_Total:       0
HugePages_Free:        0
HugePages_Rsvd:        0
HugePages_Surp:        0
Hugepagesize:       2048 kB
Hugetlb:               0 kB
DirectMap4k:      247892 kB
DirectMap2M:     6709248 kB
DirectMap1G:    195035136 kB
