MemTotal:       791033364 kB
MemFree:        788423064 kB
MemAvailable:   786527320 kB
Buffers:          143944 kB
Cached:           896628 kB
SwapCached:            0 kB
Active:           599372 kB
Inactive:         464116 kB
Active(anon):      23128 kB
Inactive(anon):    11040 kB
Active(file):     576244 kB
Inactive(file):   453076 kB
Unevictable:           0 kB
Mlocked:               0 kB
SwapTotal:       3905532 kB
SwapFree:        3905532 kB
Dirty:               508 kB
Writeback:             0 kB
AnonPages:         22688 kB
Mapped:            36564 kB
Shmem:             11260 kB
Slab:             528296 kB
SReclaimable:     163772 kB
SUnreclaim:       364524 kB
KernelStack:       18656 kB
PageTables:         1000 kB
NFS_Unstable:          0 kB
Bounce:                0 kB
WritebackTmp:          0 kB
CommitLimit:    399422212 kB
Committed_AS:    1477072 kB
VmallocTotal:   34359738367 kB
VmallocUsed:           0 kB
VmallocChunk:          0 kB
Percpu:            50688 kB
HardwareCorrupted:     0 kB
AnonHugePages:      2048 kB
ShmemHugePages:        0 kB
ShmemPmdMapped:        0 kB
HugePages_Total:       0
HugePages_Free:        0
HugePages_Rsvd:        0
HugePages_Surp:        0
Hugepagesize:       2048 kB
Hugetlb:               0 kB
DirectMap4k:      438272 kB
DirectMap2M:     7399424 kB
DirectMap1G:    797966336 kB
