MemTotal:       791033360 kB
MemFree:        788435816 kB
MemAvailable:   786532240 kB
Buffers:          142580 kB
Cached:           887668 kB
SwapCached:            0 kB
Active:           592812 kB
Inactive:         459748 kB
Active(anon):      22544 kB
Inactive(anon):    11020 kB
Active(file):     570268 kB
Inactive(file):   448728 kB
Unevictable:           0 kB
Mlocked:               0 kB
SwapTotal:       3905532 kB
SwapFree:        3905532 kB
Dirty:               164 kB
Writeback:             0 kB
AnonPages:         22336 kB
Mapped:            35948 kB
Shmem:             11260 kB
Slab:             491016 kB
SReclaimable:     158620 kB
SUnreclaim:       332396 kB
KernelStack:       18592 kB
PageTables:          960 kB
NFS_Unstable:          0 kB
Bounce:                0 kB
WritebackTmp:          0 kB
CommitLimit:    399422212 kB
Committed_AS:     923788 kB
VmallocTotal:   34359738367 kB
VmallocUsed:           0 kB
VmallocChunk:          0 kB
Percpu:            67584 kB
HardwareCorrupted:     0 kB
AnonHugePages:      2048 kB
ShmemHugePages:        0 kB
ShmemPmdMapped:        0 kB
HugePages_Total:       0
HugePages_Free:        0
HugePages_Rsvd:        0
HugePages_Surp:        0
Hugepagesize:       2048 kB
Hugetlb:               0 kB
DirectMap4k:      417792 kB
DirectMap2M:     8468480 kB
DirectMap1G:    796917760 kB
