MemTotal:       791033360 kB
MemFree:        788469556 kB
MemAvailable:   786562644 kB
Buffers:          140040 kB
Cached:           885684 kB
SwapCached:            0 kB
Active:           589168 kB
Inactive:         461216 kB
Active(anon):      25092 kB
Inactive(anon):    11020 kB
Active(file):     564076 kB
Inactive(file):   450196 kB
Unevictable:           0 kB
Mlocked:               0 kB
SwapTotal:       3905532 kB
SwapFree:        3905532 kB
Dirty:               264 kB
Writeback:             0 kB
AnonPages:         24664 kB
Mapped:            36724 kB
Shmem:             11260 kB
Slab:             482428 kB
SReclaimable:     156688 kB
SUnreclaim:       325740 kB
KernelStack:       18640 kB
PageTables:          980 kB
NFS_Unstable:          0 kB
Bounce:                0 kB
WritebackTmp:          0 kB
CommitLimit:    399422212 kB
Committed_AS:    1152360 kB
VmallocTotal:   34359738367 kB
VmallocUsed:           0 kB
VmallocChunk:          0 kB
Percpu:            69120 kB
HardwareCorrupted:     0 kB
AnonHugePages:      2048 kB
ShmemHugePages:        0 kB
ShmemPmdMapped:        0 kB
HugePages_Total:       0
HugePages_Free:        0
HugePages_Rsvd:        0
HugePages_Surp:        0
Hugepagesize:       2048 kB
Hugetlb:               0 kB
DirectMap4k:      432128 kB
DirectMap2M:     8454144 kB
DirectMap1G:    796917760 kB
