MemTotal:       196669448 kB
MemFree:        194793808 kB
MemAvailable:   194716816 kB
Buffers:          141904 kB
Cached:           886388 kB
SwapCached:            0 kB
Active:           590208 kB
Inactive:         460816 kB
Active(anon):      22504 kB
Inactive(anon):     9744 kB
Active(file):     567704 kB
Inactive(file):   451072 kB
Unevictable:           0 kB
Mlocked:               0 kB
SwapTotal:       3905532 kB
SwapFree:        3905532 kB
Dirty:               932 kB
Writeback:             0 kB
AnonPages:         22304 kB
Mapped:            36252 kB
Shmem:              9952 kB
Slab:             320372 kB
SReclaimable:     125024 kB
SUnreclaim:       195348 kB
KernelStack:       10240 kB
PageTables:         1148 kB
NFS_Unstable:          0 kB
Bounce:                0 kB
WritebackTmp:          0 kB
CommitLimit:    102240256 kB
Committed_AS:     820540 kB
VmallocTotal:   34359738367 kB
VmallocUsed:           0 kB
VmallocChunk:          0 kB
Percpu:            22272 kB
HardwareCorrupted:     0 kB
AnonHugePages:     34816 kB
ShmemHugePages:        0 kB
ShmemPmdMapped:        0 kB
HugePages_Total:       0
HugePages_Free:        0
HugePages_Rsvd:        0
HugePages_Surp:        0
Hugepagesize:       2048 kB
Hugetlb:               0 kB
DirectMap4k:      247892 kB
DirectMap2M:     6709248 kB
DirectMap1G:    195035136 kB
