MemTotal:       97452780 kB
MemFree:        95411212 kB
MemAvailable:   95682012 kB
Buffers:          145484 kB
Cached:           889484 kB
SwapCached:            0 kB
Active:           599100 kB
Inactive:         460328 kB
Active(anon):      24664 kB
Inactive(anon):     9028 kB
Active(file):     574436 kB
Inactive(file):   451300 kB
Unevictable:           0 kB
Mlocked:               0 kB
SwapTotal:       3905532 kB
SwapFree:        3905532 kB
Dirty:               772 kB
Writeback:             0 kB
AnonPages:         24532 kB
Mapped:            35776 kB
Shmem:              9216 kB
Slab:             302868 kB
SReclaimable:     120844 kB
SUnreclaim:       182024 kB
KernelStack:        6976 kB
PageTables:         1072 kB
NFS_Unstable:          0 kB
Bounce:                0 kB
WritebackTmp:          0 kB
CommitLimit:    52631920 kB
Committed_AS:     701692 kB
VmallocTotal:   34359738367 kB
VmallocUsed:           0 kB
VmallocChunk:          0 kB
Percpu:            21120 kB
HardwareCorrupted:     0 kB
AnonHugePages:     28672 kB
ShmemHugePages:        0 kB
ShmemPmdMapped:        0 kB
HugePages_Total:       0
HugePages_Free:        0
HugePages_Rsvd:        0
HugePages_Surp:        0
Hugepagesize:       2048 kB
Hugetlb:               0 kB
DirectMap4k:      220912 kB
DirectMap2M:     6604800 kB
DirectMap1G:    94371840 kB
