MemTotal:       791033360 kB
MemFree:        788459096 kB
MemAvailable:   786545624 kB
Buffers:          137068 kB
Cached:           884260 kB
SwapCached:            0 kB
Active:           448648 kB
Inactive:         597064 kB
Active(anon):      25480 kB
Inactive(anon):    11040 kB
Active(file):     423168 kB
Inactive(file):   586024 kB
Unevictable:           0 kB
Mlocked:               0 kB
SwapTotal:       3905532 kB
SwapFree:        3905532 kB
Dirty:              2252 kB
Writeback:             0 kB
AnonPages:         25312 kB
Mapped:            36548 kB
Shmem:             11260 kB
Slab:             424488 kB
SReclaimable:     148644 kB
SUnreclaim:       275844 kB
KernelStack:       18784 kB
PageTables:         1104 kB
NFS_Unstable:          0 kB
Bounce:                0 kB
WritebackTmp:          0 kB
CommitLimit:    399422212 kB
Committed_AS:    1330216 kB
VmallocTotal:   34359738367 kB
VmallocUsed:           0 kB
VmallocChunk:          0 kB
Percpu:            69120 kB
HardwareCorrupted:     0 kB
AnonHugePages:      8192 kB
ShmemHugePages:        0 kB
ShmemPmdMapped:        0 kB
HugePages_Total:       0
HugePages_Free:        0
HugePages_Rsvd:        0
HugePages_Surp:        0
Hugepagesize:       2048 kB
Hugetlb:               0 kB
DirectMap4k:      389120 kB
DirectMap2M:     8497152 kB
DirectMap1G:    796917760 kB
