MemTotal:       97452612 kB
MemFree:        95383060 kB
MemAvailable:   95668088 kB
Buffers:          147392 kB
Cached:           910448 kB
SwapCached:            0 kB
Active:           601652 kB
Inactive:         480836 kB
Active(anon):      24864 kB
Inactive(anon):    17220 kB
Active(file):     576788 kB
Inactive(file):   463616 kB
Unevictable:           0 kB
Mlocked:               0 kB
SwapTotal:       3905532 kB
SwapFree:        3905532 kB
Dirty:             11468 kB
Writeback:             0 kB
AnonPages:         23664 kB
Mapped:            39396 kB
Shmem:             17408 kB
Slab:             306392 kB
SReclaimable:     119964 kB
SUnreclaim:       186428 kB
KernelStack:        7696 kB
PageTables:         2992 kB
NFS_Unstable:          0 kB
Bounce:                0 kB
WritebackTmp:          0 kB
CommitLimit:    52631836 kB
Committed_AS:     726156 kB
VmallocTotal:   34359738367 kB
VmallocUsed:           0 kB
VmallocChunk:          0 kB
Percpu:            19200 kB
HardwareCorrupted:     0 kB
AnonHugePages:     34816 kB
ShmemHugePages:        0 kB
ShmemPmdMapped:        0 kB
HugePages_Total:       0
HugePages_Free:        0
HugePages_Rsvd:        0
HugePages_Surp:        0
Hugepagesize:       2048 kB
Hugetlb:               0 kB
DirectMap4k:      228936 kB
DirectMap2M:     5548032 kB
DirectMap1G:    95420416 kB
