MemTotal:       97452780 kB
MemFree:        95405876 kB
MemAvailable:   95678096 kB
Buffers:          146200 kB
Cached:           890140 kB
SwapCached:            0 kB
Active:           600656 kB
Inactive:         460180 kB
Active(anon):      24700 kB
Inactive(anon):     9028 kB
Active(file):     575956 kB
Inactive(file):   451152 kB
Unevictable:           0 kB
Mlocked:               0 kB
SwapTotal:       3905532 kB
SwapFree:        3905532 kB
Dirty:               504 kB
Writeback:             0 kB
AnonPages:         24600 kB
Mapped:            35644 kB
Shmem:              9216 kB
Slab:             304704 kB
SReclaimable:     120944 kB
SUnreclaim:       183760 kB
KernelStack:        6880 kB
PageTables:         1280 kB
NFS_Unstable:          0 kB
Bounce:                0 kB
WritebackTmp:          0 kB
CommitLimit:    52631920 kB
Committed_AS:     690184 kB
VmallocTotal:   34359738367 kB
VmallocUsed:           0 kB
VmallocChunk:          0 kB
Percpu:            21120 kB
HardwareCorrupted:     0 kB
AnonHugePages:      4096 kB
ShmemHugePages:        0 kB
ShmemPmdMapped:        0 kB
HugePages_Total:       0
HugePages_Free:        0
HugePages_Rsvd:        0
HugePages_Surp:        0
Hugepagesize:       2048 kB
Hugetlb:               0 kB
DirectMap4k:      220912 kB
DirectMap2M:     6604800 kB
DirectMap1G:    94371840 kB
