MemTotal:       97452780 kB
MemFree:        95384456 kB
MemAvailable:   95664736 kB
Buffers:          148808 kB
Cached:           893856 kB
SwapCached:            0 kB
Active:           607920 kB
Inactive:         458984 kB
Active(anon):      24396 kB
Inactive(anon):     9028 kB
Active(file):     583524 kB
Inactive(file):   449956 kB
Unevictable:           0 kB
Mlocked:               0 kB
SwapTotal:       3905532 kB
SwapFree:        3905532 kB
Dirty:               672 kB
Writeback:             0 kB
AnonPages:         24040 kB
Mapped:            35636 kB
Shmem:              9216 kB
Slab:             312116 kB
SReclaimable:     124308 kB
SUnreclaim:       187808 kB
KernelStack:        6864 kB
PageTables:         1160 kB
NFS_Unstable:          0 kB
Bounce:                0 kB
WritebackTmp:          0 kB
CommitLimit:    52631920 kB
Committed_AS:     689060 kB
VmallocTotal:   34359738367 kB
VmallocUsed:           0 kB
VmallocChunk:          0 kB
Percpu:            23360 kB
HardwareCorrupted:     0 kB
AnonHugePages:      4096 kB
ShmemHugePages:        0 kB
ShmemPmdMapped:        0 kB
HugePages_Total:       0
HugePages_Free:        0
HugePages_Rsvd:        0
HugePages_Surp:        0
Hugepagesize:       2048 kB
Hugetlb:               0 kB
DirectMap4k:      220912 kB
DirectMap2M:     5556224 kB
DirectMap1G:    95420416 kB
