MemTotal:       791033364 kB
MemFree:        788464780 kB
MemAvailable:   786553588 kB
Buffers:          135492 kB
Cached:           884496 kB
SwapCached:            0 kB
Active:           570056 kB
Inactive:         472712 kB
Active(anon):      23008 kB
Inactive(anon):    11040 kB
Active(file):     547048 kB
Inactive(file):   461672 kB
Unevictable:           0 kB
Mlocked:               0 kB
SwapTotal:       3905532 kB
SwapFree:        3905532 kB
Dirty:               248 kB
Writeback:             0 kB
AnonPages:         22592 kB
Mapped:            36580 kB
Shmem:             11260 kB
Slab:             451432 kB
SReclaimable:     153488 kB
SUnreclaim:       297944 kB
KernelStack:       18624 kB
PageTables:          968 kB
NFS_Unstable:          0 kB
Bounce:                0 kB
WritebackTmp:          0 kB
CommitLimit:    399422212 kB
Committed_AS:    1562652 kB
VmallocTotal:   34359738367 kB
VmallocUsed:           0 kB
VmallocChunk:          0 kB
Percpu:            50688 kB
HardwareCorrupted:     0 kB
AnonHugePages:      2048 kB
ShmemHugePages:        0 kB
ShmemPmdMapped:        0 kB
HugePages_Total:       0
HugePages_Free:        0
HugePages_Rsvd:        0
HugePages_Surp:        0
Hugepagesize:       2048 kB
Hugetlb:               0 kB
DirectMap4k:      438272 kB
DirectMap2M:     7399424 kB
DirectMap1G:    797966336 kB
