MemTotal:       97452780 kB
MemFree:        95373420 kB
MemAvailable:   95663688 kB
Buffers:          149704 kB
Cached:           905116 kB
SwapCached:            0 kB
Active:           606492 kB
Inactive:         472628 kB
Active(anon):      25008 kB
Inactive(anon):     9024 kB
Active(file):     581484 kB
Inactive(file):   463604 kB
Unevictable:           0 kB
Mlocked:               0 kB
SwapTotal:       3905532 kB
SwapFree:        3905532 kB
Dirty:             11732 kB
Writeback:             0 kB
AnonPages:         23148 kB
Mapped:            36564 kB
Shmem:              9216 kB
Slab:             313800 kB
SReclaimable:     121072 kB
SUnreclaim:       192728 kB
KernelStack:        7696 kB
PageTables:         3904 kB
NFS_Unstable:          0 kB
Bounce:                0 kB
WritebackTmp:          0 kB
CommitLimit:    52631920 kB
Committed_AS:     734560 kB
VmallocTotal:   34359738367 kB
VmallocUsed:           0 kB
VmallocChunk:          0 kB
Percpu:            21120 kB
HardwareCorrupted:     0 kB
AnonHugePages:     38912 kB
ShmemHugePages:        0 kB
ShmemPmdMapped:        0 kB
HugePages_Total:       0
HugePages_Free:        0
HugePages_Rsvd:        0
HugePages_Surp:        0
Hugepagesize:       2048 kB
Hugetlb:               0 kB
DirectMap4k:      243440 kB
DirectMap2M:     6582272 kB
DirectMap1G:    94371840 kB
