MemTotal:       97452612 kB
MemFree:        95373968 kB
MemAvailable:   95670112 kB
Buffers:          151724 kB
Cached:           916676 kB
SwapCached:            0 kB
Active:           609316 kB
Inactive:         483852 kB
Active(anon):      24656 kB
Inactive(anon):    17220 kB
Active(file):     584660 kB
Inactive(file):   466632 kB
Unevictable:           0 kB
Mlocked:               0 kB
SwapTotal:       3905532 kB
SwapFree:        3905532 kB
Dirty:             13144 kB
Writeback:             0 kB
AnonPages:         24132 kB
Mapped:            39324 kB
Shmem:             17408 kB
Slab:             308428 kB
SReclaimable:     120412 kB
SUnreclaim:       188016 kB
KernelStack:        7792 kB
PageTables:         1016 kB
NFS_Unstable:          0 kB
Bounce:                0 kB
WritebackTmp:          0 kB
CommitLimit:    52631836 kB
Committed_AS:     734544 kB
VmallocTotal:   34359738367 kB
VmallocUsed:           0 kB
VmallocChunk:          0 kB
Percpu:            19200 kB
HardwareCorrupted:     0 kB
AnonHugePages:     20480 kB
ShmemHugePages:        0 kB
ShmemPmdMapped:        0 kB
HugePages_Total:       0
HugePages_Free:        0
HugePages_Rsvd:        0
HugePages_Surp:        0
Hugepagesize:       2048 kB
Hugetlb:               0 kB
DirectMap4k:      228936 kB
DirectMap2M:     5548032 kB
DirectMap1G:    95420416 kB
