MemTotal:       791033360 kB
MemFree:        788437212 kB
MemAvailable:   786532516 kB
Buffers:          138028 kB
Cached:           891956 kB
SwapCached:            0 kB
Active:           584764 kB
Inactive:         467652 kB
Active(anon):      22768 kB
Inactive(anon):    11020 kB
Active(file):     561996 kB
Inactive(file):   456632 kB
Unevictable:           0 kB
Mlocked:               0 kB
SwapTotal:       3905532 kB
SwapFree:        3905532 kB
Dirty:              5236 kB
Writeback:             0 kB
AnonPages:         22056 kB
Mapped:            36300 kB
Shmem:             11260 kB
Slab:             479748 kB
SReclaimable:     156760 kB
SUnreclaim:       322988 kB
KernelStack:       18592 kB
PageTables:         1008 kB
NFS_Unstable:          0 kB
Bounce:                0 kB
WritebackTmp:          0 kB
CommitLimit:    399422212 kB
Committed_AS:    1364800 kB
VmallocTotal:   34359738367 kB
VmallocUsed:           0 kB
VmallocChunk:          0 kB
Percpu:            67584 kB
HardwareCorrupted:     0 kB
AnonHugePages:      6144 kB
ShmemHugePages:        0 kB
ShmemPmdMapped:        0 kB
HugePages_Total:       0
HugePages_Free:        0
HugePages_Rsvd:        0
HugePages_Surp:        0
Hugepagesize:       2048 kB
Hugetlb:               0 kB
DirectMap4k:      417792 kB
DirectMap2M:     8468480 kB
DirectMap1G:    796917760 kB
