MemTotal:       791033360 kB
MemFree:        788463408 kB
MemAvailable:   786554680 kB
Buffers:          137520 kB
Cached:           884160 kB
SwapCached:            0 kB
Active:           571248 kB
Inactive:         474324 kB
Active(anon):      24304 kB
Inactive(anon):    11028 kB
Active(file):     546944 kB
Inactive(file):   463296 kB
Unevictable:           0 kB
Mlocked:               0 kB
SwapTotal:       3905532 kB
SwapFree:        3905532 kB
Dirty:                76 kB
Writeback:             0 kB
AnonPages:         23944 kB
Mapped:            36364 kB
Shmem:             11260 kB
Slab:             464884 kB
SReclaimable:     157088 kB
SUnreclaim:       307796 kB
KernelStack:       18640 kB
PageTables:          980 kB
NFS_Unstable:          0 kB
Bounce:                0 kB
WritebackTmp:          0 kB
CommitLimit:    399422212 kB
Committed_AS:    1346208 kB
VmallocTotal:   34359738367 kB
VmallocUsed:           0 kB
VmallocChunk:          0 kB
Percpu:            52224 kB
HardwareCorrupted:     0 kB
AnonHugePages:      2048 kB
ShmemHugePages:        0 kB
ShmemPmdMapped:        0 kB
HugePages_Total:       0
HugePages_Free:        0
HugePages_Rsvd:        0
HugePages_Surp:        0
Hugepagesize:       2048 kB
Hugetlb:               0 kB
DirectMap4k:      413696 kB
DirectMap2M:     8472576 kB
DirectMap1G:    796917760 kB
