MemTotal:       97452780 kB
MemFree:        95367500 kB
MemAvailable:   95664204 kB
Buffers:          150728 kB
Cached:           908440 kB
SwapCached:            0 kB
Active:           611480 kB
Inactive:         472108 kB
Active(anon):      24788 kB
Inactive(anon):     9028 kB
Active(file):     586692 kB
Inactive(file):   463080 kB
Unevictable:           0 kB
Mlocked:               0 kB
SwapTotal:       3905532 kB
SwapFree:        3905532 kB
Dirty:             12616 kB
Writeback:             0 kB
AnonPages:         24680 kB
Mapped:            35508 kB
Shmem:              9216 kB
Slab:             313116 kB
SReclaimable:     124576 kB
SUnreclaim:       188540 kB
KernelStack:        6896 kB
PageTables:         1104 kB
NFS_Unstable:          0 kB
Bounce:                0 kB
WritebackTmp:          0 kB
CommitLimit:    52631920 kB
Committed_AS:     719640 kB
VmallocTotal:   34359738367 kB
VmallocUsed:           0 kB
VmallocChunk:          0 kB
Percpu:            23360 kB
HardwareCorrupted:     0 kB
AnonHugePages:      6144 kB
ShmemHugePages:        0 kB
ShmemPmdMapped:        0 kB
HugePages_Total:       0
HugePages_Free:        0
HugePages_Rsvd:        0
HugePages_Surp:        0
Hugepagesize:       2048 kB
Hugetlb:               0 kB
DirectMap4k:      220912 kB
DirectMap2M:     5556224 kB
DirectMap1G:    95420416 kB
