MemTotal:       97452612 kB
MemFree:        95392056 kB
MemAvailable:   95671224 kB
Buffers:          145996 kB
Cached:           906788 kB
SwapCached:            0 kB
Active:           599620 kB
Inactive:         477392 kB
Active(anon):      25156 kB
Inactive(anon):    17220 kB
Active(file):     574464 kB
Inactive(file):   460172 kB
Unevictable:           0 kB
Mlocked:               0 kB
SwapTotal:       3905532 kB
SwapFree:        3905532 kB
Dirty:              9336 kB
Writeback:             0 kB
AnonPages:         25124 kB
Mapped:            39868 kB
Shmem:             17408 kB
Slab:             307296 kB
SReclaimable:     119784 kB
SUnreclaim:       187512 kB
KernelStack:        8000 kB
PageTables:         2504 kB
NFS_Unstable:          0 kB
Bounce:                0 kB
WritebackTmp:          0 kB
CommitLimit:    52631836 kB
Committed_AS:     725392 kB
VmallocTotal:   34359738367 kB
VmallocUsed:           0 kB
VmallocChunk:          0 kB
Percpu:            19200 kB
HardwareCorrupted:     0 kB
AnonHugePages:     26624 kB
ShmemHugePages:        0 kB
ShmemPmdMapped:        0 kB
HugePages_Total:       0
HugePages_Free:        0
HugePages_Rsvd:        0
HugePages_Surp:        0
Hugepagesize:       2048 kB
Hugetlb:               0 kB
DirectMap4k:      228936 kB
DirectMap2M:     5548032 kB
DirectMap1G:    95420416 kB
