MemTotal:       97452780 kB
MemFree:        95379480 kB
MemAvailable:   95662768 kB
Buffers:          145396 kB
Cached:           900600 kB
SwapCached:            0 kB
Active:           601848 kB
Inactive:         468908 kB
Active(anon):      24884 kB
Inactive(anon):     9028 kB
Active(file):     576964 kB
Inactive(file):   459880 kB
Unevictable:           0 kB
Mlocked:               0 kB
SwapTotal:       3905532 kB
SwapFree:        3905532 kB
Dirty:             10620 kB
Writeback:             0 kB
AnonPages:         24944 kB
Mapped:            36164 kB
Shmem:              9216 kB
Slab:             311152 kB
SReclaimable:     123608 kB
SUnreclaim:       187544 kB
KernelStack:        6912 kB
PageTables:          852 kB
NFS_Unstable:          0 kB
Bounce:                0 kB
WritebackTmp:          0 kB
CommitLimit:    52631920 kB
Committed_AS:     710616 kB
VmallocTotal:   34359738367 kB
VmallocUsed:           0 kB
VmallocChunk:          0 kB
Percpu:            23360 kB
HardwareCorrupted:     0 kB
AnonHugePages:     10240 kB
ShmemHugePages:        0 kB
ShmemPmdMapped:        0 kB
HugePages_Total:       0
HugePages_Free:        0
HugePages_Rsvd:        0
HugePages_Surp:        0
Hugepagesize:       2048 kB
Hugetlb:               0 kB
DirectMap4k:      220912 kB
DirectMap2M:     5556224 kB
DirectMap1G:    95420416 kB
