MemTotal:       97452780 kB
MemFree:        95388500 kB
MemAvailable:   95667068 kB
Buffers:          148440 kB
Cached:           893452 kB
SwapCached:            0 kB
Active:           606744 kB
Inactive:         461484 kB
Active(anon):      26536 kB
Inactive(anon):     9048 kB
Active(file):     580208 kB
Inactive(file):   452436 kB
Unevictable:           0 kB
Mlocked:               0 kB
SwapTotal:       3905532 kB
SwapFree:        3905532 kB
Dirty:               508 kB
Writeback:             0 kB
AnonPages:         26404 kB
Mapped:            35272 kB
Shmem:              9216 kB
Slab:             309600 kB
SReclaimable:     122556 kB
SUnreclaim:       187044 kB
KernelStack:        6976 kB
PageTables:         1004 kB
NFS_Unstable:          0 kB
Bounce:                0 kB
WritebackTmp:          0 kB
CommitLimit:    52631920 kB
Committed_AS:     686128 kB
VmallocTotal:   34359738367 kB
VmallocUsed:           0 kB
VmallocChunk:          0 kB
Percpu:            17760 kB
HardwareCorrupted:     0 kB
AnonHugePages:      6144 kB
ShmemHugePages:        0 kB
ShmemPmdMapped:        0 kB
HugePages_Total:       0
HugePages_Free:        0
HugePages_Rsvd:        0
HugePages_Surp:        0
Hugepagesize:       2048 kB
Hugetlb:               0 kB
DirectMap4k:      239344 kB
DirectMap2M:     5537792 kB
DirectMap1G:    95420416 kB
