MemTotal:       196669448 kB
MemFree:        195805636 kB
MemAvailable:   195009760 kB
Buffers:           11524 kB
Cached:            98356 kB
SwapCached:            0 kB
Active:            96476 kB
Inactive:          31600 kB
Active(anon):      18420 kB
Inactive(anon):     9764 kB
Active(file):      78056 kB
Inactive(file):    21836 kB
Unevictable:           0 kB
Mlocked:               0 kB
SwapTotal:       3905532 kB
SwapFree:        3905532 kB
Dirty:                72 kB
Writeback:             0 kB
AnonPages:         18524 kB
Mapped:            23644 kB
Shmem:              9948 kB
Slab:             185540 kB
SReclaimable:      56100 kB
SUnreclaim:       129440 kB
KernelStack:        9952 kB
PageTables:          752 kB
NFS_Unstable:          0 kB
Bounce:                0 kB
WritebackTmp:          0 kB
CommitLimit:    102240256 kB
Committed_AS:     285292 kB
VmallocTotal:   34359738367 kB
VmallocUsed:           0 kB
VmallocChunk:          0 kB
Percpu:            21504 kB
HardwareCorrupted:     0 kB
AnonHugePages:         0 kB
ShmemHugePages:        0 kB
ShmemPmdMapped:        0 kB
HugePages_Total:       0
HugePages_Free:        0
HugePages_Rsvd:        0
HugePages_Surp:        0
Hugepagesize:       2048 kB
Hugetlb:               0 kB
DirectMap4k:      254036 kB
DirectMap2M:     5654528 kB
DirectMap1G:    196083712 kB
