MemTotal:       791033364 kB
MemFree:        788417124 kB
MemAvailable:   786519412 kB
Buffers:          140592 kB
Cached:           899468 kB
SwapCached:            0 kB
Active:           593336 kB
Inactive:         471264 kB
Active(anon):      24796 kB
Inactive(anon):    11032 kB
Active(file):     568540 kB
Inactive(file):   460232 kB
Unevictable:           0 kB
Mlocked:               0 kB
SwapTotal:       3905532 kB
SwapFree:        3905532 kB
Dirty:              8500 kB
Writeback:             0 kB
AnonPages:         24604 kB
Mapped:            36108 kB
Shmem:             11260 kB
Slab:             504812 kB
SReclaimable:     160380 kB
SUnreclaim:       344432 kB
KernelStack:       18608 kB
PageTables:          940 kB
NFS_Unstable:          0 kB
Bounce:                0 kB
WritebackTmp:          0 kB
CommitLimit:    399422212 kB
Committed_AS:    1436656 kB
VmallocTotal:   34359738367 kB
VmallocUsed:           0 kB
VmallocChunk:          0 kB
Percpu:            52224 kB
HardwareCorrupted:     0 kB
AnonHugePages:      4096 kB
ShmemHugePages:        0 kB
ShmemPmdMapped:        0 kB
HugePages_Total:       0
HugePages_Free:        0
HugePages_Rsvd:        0
HugePages_Surp:        0
Hugepagesize:       2048 kB
Hugetlb:               0 kB
DirectMap4k:      423936 kB
DirectMap2M:    10559488 kB
DirectMap1G:    794820608 kB
