MemTotal:       97452780 kB
MemFree:        95375920 kB
MemAvailable:   95663824 kB
Buffers:          148968 kB
Cached:           903232 kB
SwapCached:            0 kB
Active:           604764 kB
Inactive:         471628 kB
Active(anon):      24612 kB
Inactive(anon):     9024 kB
Active(file):     580152 kB
Inactive(file):   462604 kB
Unevictable:           0 kB
Mlocked:               0 kB
SwapTotal:       3905532 kB
SwapFree:        3905532 kB
Dirty:             11236 kB
Writeback:             0 kB
AnonPages:         23184 kB
Mapped:            36140 kB
Shmem:              9216 kB
Slab:             313108 kB
SReclaimable:     121016 kB
SUnreclaim:       192092 kB
KernelStack:        7888 kB
PageTables:         3084 kB
NFS_Unstable:          0 kB
Bounce:                0 kB
WritebackTmp:          0 kB
CommitLimit:    52631920 kB
Committed_AS:     732520 kB
VmallocTotal:   34359738367 kB
VmallocUsed:           0 kB
VmallocChunk:          0 kB
Percpu:            21120 kB
HardwareCorrupted:     0 kB
AnonHugePages:     34816 kB
ShmemHugePages:        0 kB
ShmemPmdMapped:        0 kB
HugePages_Total:       0
HugePages_Free:        0
HugePages_Rsvd:        0
HugePages_Surp:        0
Hugepagesize:       2048 kB
Hugetlb:               0 kB
DirectMap4k:      243440 kB
DirectMap2M:     6582272 kB
DirectMap1G:    94371840 kB
