MemTotal:       97452780 kB
MemFree:        95400848 kB
MemAvailable:   95665580 kB
Buffers:          141916 kB
Cached:           886192 kB
SwapCached:            0 kB
Active:           594836 kB
Inactive:         457656 kB
Active(anon):      24576 kB
Inactive(anon):     9028 kB
Active(file):     570260 kB
Inactive(file):   448628 kB
Unevictable:           0 kB
Mlocked:               0 kB
SwapTotal:       3905532 kB
SwapFree:        3905532 kB
Dirty:               740 kB
Writeback:             0 kB
AnonPages:         24436 kB
Mapped:            35552 kB
Shmem:              9216 kB
Slab:             306716 kB
SReclaimable:     122408 kB
SUnreclaim:       184308 kB
KernelStack:        6976 kB
PageTables:          980 kB
NFS_Unstable:          0 kB
Bounce:                0 kB
WritebackTmp:          0 kB
CommitLimit:    52631920 kB
Committed_AS:     721352 kB
VmallocTotal:   34359738367 kB
VmallocUsed:           0 kB
VmallocChunk:          0 kB
Percpu:            23360 kB
HardwareCorrupted:     0 kB
AnonHugePages:      4096 kB
ShmemHugePages:        0 kB
ShmemPmdMapped:        0 kB
HugePages_Total:       0
HugePages_Free:        0
HugePages_Rsvd:        0
HugePages_Surp:        0
Hugepagesize:       2048 kB
Hugetlb:               0 kB
DirectMap4k:      220912 kB
DirectMap2M:     5556224 kB
DirectMap1G:    95420416 kB
