MemTotal:       791033360 kB
MemFree:        788437352 kB
MemAvailable:   786533300 kB
Buffers:          140104 kB
Cached:           891940 kB
SwapCached:            0 kB
Active:           594580 kB
Inactive:         466740 kB
Active(anon):      29864 kB
Inactive(anon):    11040 kB
Active(file):     564716 kB
Inactive(file):   455700 kB
Unevictable:           0 kB
Mlocked:               0 kB
SwapTotal:       3905532 kB
SwapFree:        3905532 kB
Dirty:              5400 kB
Writeback:             0 kB
AnonPages:         28988 kB
Mapped:            38596 kB
Shmem:             11260 kB
Slab:             484868 kB
SReclaimable:     156264 kB
SUnreclaim:       328604 kB
KernelStack:       21248 kB
PageTables:         4456 kB
NFS_Unstable:          0 kB
Bounce:                0 kB
WritebackTmp:          0 kB
CommitLimit:    399422212 kB
Committed_AS:    1260632 kB
VmallocTotal:   34359738367 kB
VmallocUsed:           0 kB
VmallocChunk:          0 kB
Percpu:            69120 kB
HardwareCorrupted:     0 kB
AnonHugePages:    800768 kB
ShmemHugePages:        0 kB
ShmemPmdMapped:        0 kB
HugePages_Total:       0
HugePages_Free:        0
HugePages_Rsvd:        0
HugePages_Surp:        0
Hugepagesize:       2048 kB
Hugetlb:               0 kB
DirectMap4k:      389120 kB
DirectMap2M:     8497152 kB
DirectMap1G:    796917760 kB
