MemTotal:       196669452 kB
MemFree:        194804688 kB
MemAvailable:   194728748 kB
Buffers:          144136 kB
Cached:           885284 kB
SwapCached:            0 kB
Active:           594520 kB
Inactive:         459904 kB
Active(anon):      25208 kB
Inactive(anon):     9752 kB
Active(file):     569312 kB
Inactive(file):   450152 kB
Unevictable:           0 kB
Mlocked:               0 kB
SwapTotal:       3905532 kB
SwapFree:        3905532 kB
Dirty:               400 kB
Writeback:             0 kB
AnonPages:         25052 kB
Mapped:            36148 kB
Shmem:              9952 kB
Slab:             317288 kB
SReclaimable:     125748 kB
SUnreclaim:       191540 kB
KernelStack:       10208 kB
PageTables:         1012 kB
NFS_Unstable:          0 kB
Bounce:                0 kB
WritebackTmp:          0 kB
CommitLimit:    102240256 kB
Committed_AS:     587284 kB
VmallocTotal:   34359738367 kB
VmallocUsed:           0 kB
VmallocChunk:          0 kB
Percpu:            22272 kB
HardwareCorrupted:     0 kB
AnonHugePages:      4096 kB
ShmemHugePages:        0 kB
ShmemPmdMapped:        0 kB
HugePages_Total:       0
HugePages_Free:        0
HugePages_Rsvd:        0
HugePages_Surp:        0
Hugepagesize:       2048 kB
Hugetlb:               0 kB
DirectMap4k:      249944 kB
DirectMap2M:     6707200 kB
DirectMap1G:    195035136 kB
