MemTotal:       791033364 kB
MemFree:        788460500 kB
MemAvailable:   786553872 kB
Buffers:          137588 kB
Cached:           888840 kB
SwapCached:            0 kB
Active:           584644 kB
Inactive:         466428 kB
Active(anon):      25168 kB
Inactive(anon):    11032 kB
Active(file):     559476 kB
Inactive(file):   455396 kB
Unevictable:           0 kB
Mlocked:               0 kB
SwapTotal:       3905532 kB
SwapFree:        3905532 kB
Dirty:              4060 kB
Writeback:            52 kB
AnonPages:         24468 kB
Mapped:            36432 kB
Shmem:             11260 kB
Slab:             476352 kB
SReclaimable:     156464 kB
SUnreclaim:       319888 kB
KernelStack:       18640 kB
PageTables:         1084 kB
NFS_Unstable:          0 kB
Bounce:                0 kB
WritebackTmp:          0 kB
CommitLimit:    399422212 kB
Committed_AS:    1593084 kB
VmallocTotal:   34359738367 kB
VmallocUsed:           0 kB
VmallocChunk:          0 kB
Percpu:            52224 kB
HardwareCorrupted:     0 kB
AnonHugePages:     10240 kB
ShmemHugePages:        0 kB
ShmemPmdMapped:        0 kB
HugePages_Total:       0
HugePages_Free:        0
HugePages_Rsvd:        0
HugePages_Surp:        0
Hugepagesize:       2048 kB
Hugetlb:               0 kB
DirectMap4k:      423936 kB
DirectMap2M:    10559488 kB
DirectMap1G:    794820608 kB
