MemTotal:       791033360 kB
MemFree:        788442892 kB
MemAvailable:   786534936 kB
Buffers:          139320 kB
Cached:           885200 kB
SwapCached:            0 kB
Active:           588264 kB
Inactive:         462044 kB
Active(anon):      26072 kB
Inactive(anon):    11040 kB
Active(file):     562192 kB
Inactive(file):   451004 kB
Unevictable:           0 kB
Mlocked:               0 kB
SwapTotal:       3905532 kB
SwapFree:        3905532 kB
Dirty:               436 kB
Writeback:             0 kB
AnonPages:         25944 kB
Mapped:            37040 kB
Shmem:             11260 kB
Slab:             477640 kB
SReclaimable:     155672 kB
SUnreclaim:       321968 kB
KernelStack:       18624 kB
PageTables:         1020 kB
NFS_Unstable:          0 kB
Bounce:                0 kB
WritebackTmp:          0 kB
CommitLimit:    399422212 kB
Committed_AS:    1402320 kB
VmallocTotal:   34359738367 kB
VmallocUsed:           0 kB
VmallocChunk:          0 kB
Percpu:            69120 kB
HardwareCorrupted:     0 kB
AnonHugePages:      4096 kB
ShmemHugePages:        0 kB
ShmemPmdMapped:        0 kB
HugePages_Total:       0
HugePages_Free:        0
HugePages_Rsvd:        0
HugePages_Surp:        0
Hugepagesize:       2048 kB
Hugetlb:               0 kB
DirectMap4k:      389120 kB
DirectMap2M:     8497152 kB
DirectMap1G:    796917760 kB
