MemTotal:       791033364 kB
MemFree:        788402288 kB
MemAvailable:   786509680 kB
Buffers:          143572 kB
Cached:           904012 kB
SwapCached:            0 kB
Active:           599080 kB
Inactive:         472004 kB
Active(anon):      23948 kB
Inactive(anon):    11040 kB
Active(file):     575132 kB
Inactive(file):   460964 kB
Unevictable:           0 kB
Mlocked:               0 kB
SwapTotal:       3905532 kB
SwapFree:        3905532 kB
Dirty:              9668 kB
Writeback:             0 kB
AnonPages:         23604 kB
Mapped:            36860 kB
Shmem:             11260 kB
Slab:             525744 kB
SReclaimable:     163272 kB
SUnreclaim:       362472 kB
KernelStack:       18656 kB
PageTables:         1328 kB
NFS_Unstable:          0 kB
Bounce:                0 kB
WritebackTmp:          0 kB
CommitLimit:    399422212 kB
Committed_AS:    1490688 kB
VmallocTotal:   34359738367 kB
VmallocUsed:           0 kB
VmallocChunk:          0 kB
Percpu:            50688 kB
HardwareCorrupted:     0 kB
AnonHugePages:      6144 kB
ShmemHugePages:        0 kB
ShmemPmdMapped:        0 kB
HugePages_Total:       0
HugePages_Free:        0
HugePages_Rsvd:        0
HugePages_Surp:        0
Hugepagesize:       2048 kB
Hugetlb:               0 kB
DirectMap4k:      438272 kB
DirectMap2M:     7399424 kB
DirectMap1G:    797966336 kB
