MemTotal:       791033364 kB
MemFree:        788417712 kB
MemAvailable:   786516184 kB
Buffers:          139800 kB
Cached:           893468 kB
SwapCached:            0 kB
Active:           589012 kB
Inactive:         466836 kB
Active(anon):      23080 kB
Inactive(anon):    11040 kB
Active(file):     565932 kB
Inactive(file):   455796 kB
Unevictable:           0 kB
Mlocked:               0 kB
SwapTotal:       3905532 kB
SwapFree:        3905532 kB
Dirty:              5592 kB
Writeback:             0 kB
AnonPages:         22860 kB
Mapped:            36228 kB
Shmem:             11260 kB
Slab:             502448 kB
SReclaimable:     159804 kB
SUnreclaim:       342644 kB
KernelStack:       18624 kB
PageTables:         1000 kB
NFS_Unstable:          0 kB
Bounce:                0 kB
WritebackTmp:          0 kB
CommitLimit:    399422212 kB
Committed_AS:    1060588 kB
VmallocTotal:   34359738367 kB
VmallocUsed:           0 kB
VmallocChunk:          0 kB
Percpu:            50688 kB
HardwareCorrupted:     0 kB
AnonHugePages:      2048 kB
ShmemHugePages:        0 kB
ShmemPmdMapped:        0 kB
HugePages_Total:       0
HugePages_Free:        0
HugePages_Rsvd:        0
HugePages_Surp:        0
Hugepagesize:       2048 kB
Hugetlb:               0 kB
DirectMap4k:      438272 kB
DirectMap2M:     7399424 kB
DirectMap1G:    797966336 kB
