MemTotal:       97452780 kB
MemFree:        95430968 kB
MemAvailable:   95682736 kB
Buffers:          136908 kB
Cached:           880424 kB
SwapCached:            0 kB
Active:           575644 kB
Inactive:         469388 kB
Active(anon):      28856 kB
Inactive(anon):     9048 kB
Active(file):     546788 kB
Inactive(file):   460340 kB
Unevictable:           0 kB
Mlocked:               0 kB
SwapTotal:       3905532 kB
SwapFree:        3905532 kB
Dirty:               164 kB
Writeback:             0 kB
AnonPages:         28776 kB
Mapped:            36344 kB
Shmem:              9216 kB
Slab:             295836 kB
SReclaimable:     120000 kB
SUnreclaim:       175836 kB
KernelStack:        8032 kB
PageTables:         3300 kB
NFS_Unstable:          0 kB
Bounce:                0 kB
WritebackTmp:          0 kB
CommitLimit:    52631920 kB
Committed_AS:     699912 kB
VmallocTotal:   34359738367 kB
VmallocUsed:           0 kB
VmallocChunk:          0 kB
Percpu:            17760 kB
HardwareCorrupted:     0 kB
AnonHugePages:     28672 kB
ShmemHugePages:        0 kB
ShmemPmdMapped:        0 kB
HugePages_Total:       0
HugePages_Free:        0
HugePages_Rsvd:        0
HugePages_Surp:        0
Hugepagesize:       2048 kB
Hugetlb:               0 kB
DirectMap4k:      239344 kB
DirectMap2M:     5537792 kB
DirectMap1G:    95420416 kB
