MemTotal:       196669448 kB
MemFree:        194767596 kB
MemAvailable:   194704632 kB
Buffers:          142824 kB
Cached:           899168 kB
SwapCached:            0 kB
Active:           594632 kB
Inactive:         468972 kB
Active(anon):      22240 kB
Inactive(anon):     9772 kB
Active(file):     572392 kB
Inactive(file):   459200 kB
Unevictable:           0 kB
Mlocked:               0 kB
SwapTotal:       3905532 kB
SwapFree:        3905532 kB
Dirty:              8624 kB
Writeback:             0 kB
AnonPages:         22080 kB
Mapped:            35904 kB
Shmem:              9952 kB
Slab:             335852 kB
SReclaimable:     127244 kB
SUnreclaim:       208608 kB
KernelStack:       10224 kB
PageTables:         1012 kB
NFS_Unstable:          0 kB
Bounce:                0 kB
WritebackTmp:          0 kB
CommitLimit:    102240256 kB
Committed_AS:     739588 kB
VmallocTotal:   34359738367 kB
VmallocUsed:           0 kB
VmallocChunk:          0 kB
Percpu:            22272 kB
HardwareCorrupted:     0 kB
AnonHugePages:         0 kB
ShmemHugePages:        0 kB
ShmemPmdMapped:        0 kB
HugePages_Total:       0
HugePages_Free:        0
HugePages_Rsvd:        0
HugePages_Surp:        0
Hugepagesize:       2048 kB
Hugetlb:               0 kB
DirectMap4k:      254036 kB
DirectMap2M:     5654528 kB
DirectMap1G:    196083712 kB
