MemTotal:       97452780 kB
MemFree:        95387528 kB
MemAvailable:   95669712 kB
Buffers:          145236 kB
Cached:           900512 kB
SwapCached:            0 kB
Active:           600424 kB
Inactive:         471656 kB
Active(anon):      26492 kB
Inactive(anon):     9048 kB
Active(file):     573932 kB
Inactive(file):   462608 kB
Unevictable:           0 kB
Mlocked:               0 kB
SwapTotal:       3905532 kB
SwapFree:        3905532 kB
Dirty:             10752 kB
Writeback:             0 kB
AnonPages:         26324 kB
Mapped:            35256 kB
Shmem:              9216 kB
Slab:             306256 kB
SReclaimable:     122004 kB
SUnreclaim:       184252 kB
KernelStack:        6832 kB
PageTables:          980 kB
NFS_Unstable:          0 kB
Bounce:                0 kB
WritebackTmp:          0 kB
CommitLimit:    52631920 kB
Committed_AS:     746972 kB
VmallocTotal:   34359738367 kB
VmallocUsed:           0 kB
VmallocChunk:          0 kB
Percpu:            17760 kB
HardwareCorrupted:     0 kB
AnonHugePages:      6144 kB
ShmemHugePages:        0 kB
ShmemPmdMapped:        0 kB
HugePages_Total:       0
HugePages_Free:        0
HugePages_Rsvd:        0
HugePages_Surp:        0
Hugepagesize:       2048 kB
Hugetlb:               0 kB
DirectMap4k:      239344 kB
DirectMap2M:     5537792 kB
DirectMap1G:    95420416 kB
