MemTotal:       97452780 kB
MemFree:        95380408 kB
MemAvailable:   95676712 kB
Buffers:          151836 kB
Cached:           908364 kB
SwapCached:            0 kB
Active:           609960 kB
Inactive:         474816 kB
Active(anon):      24948 kB
Inactive(anon):     9028 kB
Active(file):     585012 kB
Inactive(file):   465788 kB
Unevictable:           0 kB
Mlocked:               0 kB
SwapTotal:       3905532 kB
SwapFree:        3905532 kB
Dirty:             12648 kB
Writeback:             0 kB
AnonPages:         24784 kB
Mapped:            35492 kB
Shmem:              9216 kB
Slab:             308748 kB
SReclaimable:     121720 kB
SUnreclaim:       187028 kB
KernelStack:        6848 kB
PageTables:         1064 kB
NFS_Unstable:          0 kB
Bounce:                0 kB
WritebackTmp:          0 kB
CommitLimit:    52631920 kB
Committed_AS:     755204 kB
VmallocTotal:   34359738367 kB
VmallocUsed:           0 kB
VmallocChunk:          0 kB
Percpu:            21120 kB
HardwareCorrupted:     0 kB
AnonHugePages:      6144 kB
ShmemHugePages:        0 kB
ShmemPmdMapped:        0 kB
HugePages_Total:       0
HugePages_Free:        0
HugePages_Rsvd:        0
HugePages_Surp:        0
Hugepagesize:       2048 kB
Hugetlb:               0 kB
DirectMap4k:      220912 kB
DirectMap2M:     6604800 kB
DirectMap1G:    94371840 kB
