MemTotal:       791033360 kB
MemFree:        788374368 kB
MemAvailable:   786484208 kB
Buffers:          146736 kB
Cached:           907320 kB
SwapCached:            0 kB
Active:           607056 kB
Inactive:         473712 kB
Active(anon):      27236 kB
Inactive(anon):    11020 kB
Active(file):     579820 kB
Inactive(file):   462692 kB
Unevictable:           0 kB
Mlocked:               0 kB
SwapTotal:       3905532 kB
SwapFree:        3905532 kB
Dirty:             11184 kB
Writeback:             0 kB
AnonPages:         27768 kB
Mapped:            37012 kB
Shmem:             11260 kB
Slab:             518548 kB
SReclaimable:     161944 kB
SUnreclaim:       356604 kB
KernelStack:       21744 kB
PageTables:         2912 kB
NFS_Unstable:          0 kB
Bounce:                0 kB
WritebackTmp:          0 kB
CommitLimit:    399422212 kB
Committed_AS:     959900 kB
VmallocTotal:   34359738367 kB
VmallocUsed:           0 kB
VmallocChunk:          0 kB
Percpu:            67584 kB
HardwareCorrupted:     0 kB
AnonHugePages:     14336 kB
ShmemHugePages:        0 kB
ShmemPmdMapped:        0 kB
HugePages_Total:       0
HugePages_Free:        0
HugePages_Rsvd:        0
HugePages_Surp:        0
Hugepagesize:       2048 kB
Hugetlb:               0 kB
DirectMap4k:      417792 kB
DirectMap2M:     8468480 kB
DirectMap1G:    796917760 kB
