MemTotal:       196669432 kB
MemFree:        194773812 kB
MemAvailable:   194698912 kB
Buffers:          141100 kB
Cached:           888300 kB
SwapCached:            0 kB
Active:           588112 kB
Inactive:         463488 kB
Active(anon):      21956 kB
Inactive(anon):     9760 kB
Active(file):     566156 kB
Inactive(file):   453728 kB
Unevictable:           0 kB
Mlocked:               0 kB
SwapTotal:       3905532 kB
SwapFree:        3905532 kB
Dirty:               880 kB
Writeback:             0 kB
AnonPages:         21552 kB
Mapped:            36052 kB
Shmem:              9972 kB
Slab:             333740 kB
SReclaimable:     126736 kB
SUnreclaim:       207004 kB
KernelStack:       10224 kB
PageTables:         1052 kB
NFS_Unstable:          0 kB
Bounce:                0 kB
WritebackTmp:          0 kB
CommitLimit:    102240248 kB
Committed_AS:     776176 kB
VmallocTotal:   34359738367 kB
VmallocUsed:           0 kB
VmallocChunk:          0 kB
Percpu:            21504 kB
HardwareCorrupted:     0 kB
AnonHugePages:     24576 kB
ShmemHugePages:        0 kB
ShmemPmdMapped:        0 kB
HugePages_Total:       0
HugePages_Free:        0
HugePages_Rsvd:        0
HugePages_Surp:        0
Hugepagesize:       2048 kB
Hugetlb:               0 kB
DirectMap4k:      258116 kB
DirectMap2M:     6699008 kB
DirectMap1G:    195035136 kB
