MemTotal:       97452780 kB
MemFree:        95426072 kB
MemAvailable:   95681016 kB
Buffers:          139252 kB
Cached:           880920 kB
SwapCached:            0 kB
Active:           579056 kB
Inactive:         463316 kB
Active(anon):      22392 kB
Inactive(anon):     9024 kB
Active(file):     556664 kB
Inactive(file):   454292 kB
Unevictable:           0 kB
Mlocked:               0 kB
SwapTotal:       3905532 kB
SwapFree:        3905532 kB
Dirty:               804 kB
Writeback:             0 kB
AnonPages:         22296 kB
Mapped:            35824 kB
Shmem:              9216 kB
Slab:             297744 kB
SReclaimable:     118696 kB
SUnreclaim:       179048 kB
KernelStack:        6960 kB
PageTables:         1012 kB
NFS_Unstable:          0 kB
Bounce:                0 kB
WritebackTmp:          0 kB
CommitLimit:    52631920 kB
Committed_AS:     746788 kB
VmallocTotal:   34359738367 kB
VmallocUsed:           0 kB
VmallocChunk:          0 kB
Percpu:            21120 kB
HardwareCorrupted:     0 kB
AnonHugePages:     26624 kB
ShmemHugePages:        0 kB
ShmemPmdMapped:        0 kB
HugePages_Total:       0
HugePages_Free:        0
HugePages_Rsvd:        0
HugePages_Surp:        0
Hugepagesize:       2048 kB
Hugetlb:               0 kB
DirectMap4k:      243440 kB
DirectMap2M:     6582272 kB
DirectMap1G:    94371840 kB
