MemTotal:       97452780 kB
MemFree:        95372240 kB
MemAvailable:   95659040 kB
Buffers:          147332 kB
Cached:           902836 kB
SwapCached:            0 kB
Active:           607128 kB
Inactive:         468984 kB
Active(anon):      26920 kB
Inactive(anon):     9028 kB
Active(file):     580208 kB
Inactive(file):   459956 kB
Unevictable:           0 kB
Mlocked:               0 kB
SwapTotal:       3905532 kB
SwapFree:        3905532 kB
Dirty:             10812 kB
Writeback:             0 kB
AnonPages:         26168 kB
Mapped:            36476 kB
Shmem:              9216 kB
Slab:             314148 kB
SReclaimable:     123992 kB
SUnreclaim:       190156 kB
KernelStack:        7696 kB
PageTables:         2428 kB
NFS_Unstable:          0 kB
Bounce:                0 kB
WritebackTmp:          0 kB
CommitLimit:    52631920 kB
Committed_AS:     733660 kB
VmallocTotal:   34359738367 kB
VmallocUsed:           0 kB
VmallocChunk:          0 kB
Percpu:            23360 kB
HardwareCorrupted:     0 kB
AnonHugePages:     26624 kB
ShmemHugePages:        0 kB
ShmemPmdMapped:        0 kB
HugePages_Total:       0
HugePages_Free:        0
HugePages_Rsvd:        0
HugePages_Surp:        0
Hugepagesize:       2048 kB
Hugetlb:               0 kB
DirectMap4k:      220912 kB
DirectMap2M:     5556224 kB
DirectMap1G:    95420416 kB
