MemTotal:       97452780 kB
MemFree:        95390956 kB
MemAvailable:   95663132 kB
Buffers:          141896 kB
Cached:           893936 kB
SwapCached:            0 kB
Active:           596784 kB
Inactive:         465404 kB
Active(anon):      26812 kB
Inactive(anon):     9028 kB
Active(file):     569972 kB
Inactive(file):   456376 kB
Unevictable:           0 kB
Mlocked:               0 kB
SwapTotal:       3905532 kB
SwapFree:        3905532 kB
Dirty:              8104 kB
Writeback:             0 kB
AnonPages:         27964 kB
Mapped:            35796 kB
Shmem:              9216 kB
Slab:             307908 kB
SReclaimable:     122376 kB
SUnreclaim:       185532 kB
KernelStack:        8304 kB
PageTables:         2448 kB
NFS_Unstable:          0 kB
Bounce:                0 kB
WritebackTmp:          0 kB
CommitLimit:    52631920 kB
Committed_AS:     709668 kB
VmallocTotal:   34359738367 kB
VmallocUsed:           0 kB
VmallocChunk:          0 kB
Percpu:            23360 kB
HardwareCorrupted:     0 kB
AnonHugePages:     32768 kB
ShmemHugePages:        0 kB
ShmemPmdMapped:        0 kB
HugePages_Total:       0
HugePages_Free:        0
HugePages_Rsvd:        0
HugePages_Surp:        0
Hugepagesize:       2048 kB
Hugetlb:               0 kB
DirectMap4k:      220912 kB
DirectMap2M:     5556224 kB
DirectMap1G:    95420416 kB
