MemTotal:       97452780 kB
MemFree:        95422580 kB
MemAvailable:   95679128 kB
Buffers:          137108 kB
Cached:           883848 kB
SwapCached:            0 kB
Active:           576008 kB
Inactive:         469776 kB
Active(anon):      25068 kB
Inactive(anon):     9028 kB
Active(file):     550940 kB
Inactive(file):   460748 kB
Unevictable:           0 kB
Mlocked:               0 kB
SwapTotal:       3905532 kB
SwapFree:        3905532 kB
Dirty:              4572 kB
Writeback:             0 kB
AnonPages:         24456 kB
Mapped:            35688 kB
Shmem:              9216 kB
Slab:             295516 kB
SReclaimable:     120436 kB
SUnreclaim:       175080 kB
KernelStack:        6880 kB
PageTables:         1088 kB
NFS_Unstable:          0 kB
Bounce:                0 kB
WritebackTmp:          0 kB
CommitLimit:    52631920 kB
Committed_AS:     699788 kB
VmallocTotal:   34359738367 kB
VmallocUsed:           0 kB
VmallocChunk:          0 kB
Percpu:            23360 kB
HardwareCorrupted:     0 kB
AnonHugePages:      6144 kB
ShmemHugePages:        0 kB
ShmemPmdMapped:        0 kB
HugePages_Total:       0
HugePages_Free:        0
HugePages_Rsvd:        0
HugePages_Surp:        0
Hugepagesize:       2048 kB
Hugetlb:               0 kB
DirectMap4k:      220912 kB
DirectMap2M:     5556224 kB
DirectMap1G:    95420416 kB
