MemTotal:       791033360 kB
MemFree:        788430748 kB
MemAvailable:   786530504 kB
Buffers:          144280 kB
Cached:           891228 kB
SwapCached:            0 kB
Active:           597092 kB
Inactive:         460976 kB
Active(anon):      22888 kB
Inactive(anon):    11020 kB
Active(file):     574204 kB
Inactive(file):   449956 kB
Unevictable:           0 kB
Mlocked:               0 kB
SwapTotal:       3905532 kB
SwapFree:        3905532 kB
Dirty:               300 kB
Writeback:             0 kB
AnonPages:         22424 kB
Mapped:            36412 kB
Shmem:             11260 kB
Slab:             504488 kB
SReclaimable:     160128 kB
SUnreclaim:       344360 kB
KernelStack:       18704 kB
PageTables:          932 kB
NFS_Unstable:          0 kB
Bounce:                0 kB
WritebackTmp:          0 kB
CommitLimit:    399422212 kB
Committed_AS:     972700 kB
VmallocTotal:   34359738367 kB
VmallocUsed:           0 kB
VmallocChunk:          0 kB
Percpu:            67584 kB
HardwareCorrupted:     0 kB
AnonHugePages:      2048 kB
ShmemHugePages:        0 kB
ShmemPmdMapped:        0 kB
HugePages_Total:       0
HugePages_Free:        0
HugePages_Rsvd:        0
HugePages_Surp:        0
Hugepagesize:       2048 kB
Hugetlb:               0 kB
DirectMap4k:      417792 kB
DirectMap2M:     8468480 kB
DirectMap1G:    796917760 kB
