MemTotal:       97452780 kB
MemFree:        95386804 kB
MemAvailable:   95665112 kB
Buffers:          148080 kB
Cached:           892652 kB
SwapCached:            0 kB
Active:           606952 kB
Inactive:         458464 kB
Active(anon):      24864 kB
Inactive(anon):     9028 kB
Active(file):     582088 kB
Inactive(file):   449436 kB
Unevictable:           0 kB
Mlocked:               0 kB
SwapTotal:       3905532 kB
SwapFree:        3905532 kB
Dirty:               516 kB
Writeback:             0 kB
AnonPages:         24772 kB
Mapped:            35520 kB
Shmem:              9216 kB
Slab:             312536 kB
SReclaimable:     124280 kB
SUnreclaim:       188256 kB
KernelStack:        6896 kB
PageTables:         1024 kB
NFS_Unstable:          0 kB
Bounce:                0 kB
WritebackTmp:          0 kB
CommitLimit:    52631920 kB
Committed_AS:     718868 kB
VmallocTotal:   34359738367 kB
VmallocUsed:           0 kB
VmallocChunk:          0 kB
Percpu:            23360 kB
HardwareCorrupted:     0 kB
AnonHugePages:      4096 kB
ShmemHugePages:        0 kB
ShmemPmdMapped:        0 kB
HugePages_Total:       0
HugePages_Free:        0
HugePages_Rsvd:        0
HugePages_Surp:        0
Hugepagesize:       2048 kB
Hugetlb:               0 kB
DirectMap4k:      220912 kB
DirectMap2M:     5556224 kB
DirectMap1G:    95420416 kB
