MemTotal:       791033360 kB
MemFree:        788468624 kB
MemAvailable:   786559404 kB
Buffers:          138936 kB
Cached:           884184 kB
SwapCached:            0 kB
Active:           585784 kB
Inactive:         462848 kB
Active(anon):      25744 kB
Inactive(anon):    11040 kB
Active(file):     560040 kB
Inactive(file):   451808 kB
Unevictable:           0 kB
Mlocked:               0 kB
SwapTotal:       3905532 kB
SwapFree:        3905532 kB
Dirty:               308 kB
Writeback:             0 kB
AnonPages:         25316 kB
Mapped:            36648 kB
Shmem:             11260 kB
Slab:             468876 kB
SReclaimable:     154496 kB
SUnreclaim:       314380 kB
KernelStack:       18624 kB
PageTables:          992 kB
NFS_Unstable:          0 kB
Bounce:                0 kB
WritebackTmp:          0 kB
CommitLimit:    399422212 kB
Committed_AS:    1559968 kB
VmallocTotal:   34359738367 kB
VmallocUsed:           0 kB
VmallocChunk:          0 kB
Percpu:            69120 kB
HardwareCorrupted:     0 kB
AnonHugePages:      4096 kB
ShmemHugePages:        0 kB
ShmemPmdMapped:        0 kB
HugePages_Total:       0
HugePages_Free:        0
HugePages_Rsvd:        0
HugePages_Surp:        0
Hugepagesize:       2048 kB
Hugetlb:               0 kB
DirectMap4k:      389120 kB
DirectMap2M:     8497152 kB
DirectMap1G:    796917760 kB
