MemTotal:       196669448 kB
MemFree:        194819868 kB
MemAvailable:   194729544 kB
Buffers:          134308 kB
Cached:           882608 kB
SwapCached:            0 kB
Active:           444400 kB
Inactive:         596888 kB
Active(anon):      24592 kB
Inactive(anon):     9772 kB
Active(file):     419808 kB
Inactive(file):   587116 kB
Unevictable:           0 kB
Mlocked:               0 kB
SwapTotal:       3905532 kB
SwapFree:        3905532 kB
Dirty:              3248 kB
Writeback:             0 kB
AnonPages:         22992 kB
Mapped:            37704 kB
Shmem:              9952 kB
Slab:             303336 kB
SReclaimable:     121872 kB
SUnreclaim:       181464 kB
KernelStack:       11952 kB
PageTables:         4252 kB
NFS_Unstable:          0 kB
Bounce:                0 kB
WritebackTmp:          0 kB
CommitLimit:    102240256 kB
Committed_AS:     822892 kB
VmallocTotal:   34359738367 kB
VmallocUsed:           0 kB
VmallocChunk:          0 kB
Percpu:            22272 kB
HardwareCorrupted:     0 kB
AnonHugePages:     20480 kB
ShmemHugePages:        0 kB
ShmemPmdMapped:        0 kB
HugePages_Total:       0
HugePages_Free:        0
HugePages_Rsvd:        0
HugePages_Surp:        0
Hugepagesize:       2048 kB
Hugetlb:               0 kB
DirectMap4k:      254036 kB
DirectMap2M:     5654528 kB
DirectMap1G:    196083712 kB
