MemTotal:       97452780 kB
MemFree:        95409976 kB
MemAvailable:   95671076 kB
Buffers:          140296 kB
Cached:           884264 kB
SwapCached:            0 kB
Active:           592432 kB
Inactive:         456664 kB
Active(anon):      24776 kB
Inactive(anon):     9028 kB
Active(file):     567656 kB
Inactive(file):   447636 kB
Unevictable:           0 kB
Mlocked:               0 kB
SwapTotal:       3905532 kB
SwapFree:        3905532 kB
Dirty:               880 kB
Writeback:             0 kB
AnonPages:         24624 kB
Mapped:            35700 kB
Shmem:              9216 kB
Slab:             304948 kB
SReclaimable:     122332 kB
SUnreclaim:       182616 kB
KernelStack:        6992 kB
PageTables:         1048 kB
NFS_Unstable:          0 kB
Bounce:                0 kB
WritebackTmp:          0 kB
CommitLimit:    52631920 kB
Committed_AS:     709624 kB
VmallocTotal:   34359738367 kB
VmallocUsed:           0 kB
VmallocChunk:          0 kB
Percpu:            23360 kB
HardwareCorrupted:     0 kB
AnonHugePages:     22528 kB
ShmemHugePages:        0 kB
ShmemPmdMapped:        0 kB
HugePages_Total:       0
HugePages_Free:        0
HugePages_Rsvd:        0
HugePages_Surp:        0
Hugepagesize:       2048 kB
Hugetlb:               0 kB
DirectMap4k:      220912 kB
DirectMap2M:     5556224 kB
DirectMap1G:    95420416 kB
