MemTotal:       196669452 kB
MemFree:        194790324 kB
MemAvailable:   194717488 kB
Buffers:          145156 kB
Cached:           887172 kB
SwapCached:            0 kB
Active:           597136 kB
Inactive:         460016 kB
Active(anon):      25052 kB
Inactive(anon):     9752 kB
Active(file):     572084 kB
Inactive(file):   450264 kB
Unevictable:           0 kB
Mlocked:               0 kB
SwapTotal:       3905532 kB
SwapFree:        3905532 kB
Dirty:               392 kB
Writeback:             0 kB
AnonPages:         24856 kB
Mapped:            36208 kB
Shmem:              9952 kB
Slab:             322480 kB
SReclaimable:     126188 kB
SUnreclaim:       196292 kB
KernelStack:       10384 kB
PageTables:         1292 kB
NFS_Unstable:          0 kB
Bounce:                0 kB
WritebackTmp:          0 kB
CommitLimit:    102240256 kB
Committed_AS:     598828 kB
VmallocTotal:   34359738367 kB
VmallocUsed:           0 kB
VmallocChunk:          0 kB
Percpu:            22272 kB
HardwareCorrupted:     0 kB
AnonHugePages:      4096 kB
ShmemHugePages:        0 kB
ShmemPmdMapped:        0 kB
HugePages_Total:       0
HugePages_Free:        0
HugePages_Rsvd:        0
HugePages_Surp:        0
Hugepagesize:       2048 kB
Hugetlb:               0 kB
DirectMap4k:      249944 kB
DirectMap2M:     6707200 kB
DirectMap1G:    195035136 kB
