MemTotal:       97452612 kB
MemFree:        95442256 kB
MemAvailable:   95691416 kB
Buffers:          136912 kB
Cached:           886516 kB
SwapCached:            0 kB
Active:           445956 kB
Inactive:         600740 kB
Active(anon):      23476 kB
Inactive(anon):    17220 kB
Active(file):     422480 kB
Inactive(file):   583520 kB
Unevictable:           0 kB
Mlocked:               0 kB
SwapTotal:       3905532 kB
SwapFree:        3905532 kB
Dirty:                 0 kB
Writeback:             0 kB
AnonPages:         23296 kB
Mapped:            38940 kB
Shmem:             17408 kB
Slab:             283048 kB
SReclaimable:     117036 kB
SUnreclaim:       166012 kB
KernelStack:        6944 kB
PageTables:         1720 kB
NFS_Unstable:          0 kB
Bounce:                0 kB
WritebackTmp:          0 kB
CommitLimit:    52631836 kB
Committed_AS:     773692 kB
VmallocTotal:   34359738367 kB
VmallocUsed:           0 kB
VmallocChunk:          0 kB
Percpu:            19200 kB
HardwareCorrupted:     0 kB
AnonHugePages:      2048 kB
ShmemHugePages:        0 kB
ShmemPmdMapped:        0 kB
HugePages_Total:       0
HugePages_Free:        0
HugePages_Rsvd:        0
HugePages_Surp:        0
Hugepagesize:       2048 kB
Hugetlb:               0 kB
DirectMap4k:      228936 kB
DirectMap2M:     5548032 kB
DirectMap1G:    95420416 kB
