MemTotal:       791033364 kB
MemFree:        788419340 kB
MemAvailable:   786523100 kB
Buffers:          141884 kB
Cached:           900864 kB
SwapCached:            0 kB
Active:           594948 kB
Inactive:         471916 kB
Active(anon):      24772 kB
Inactive(anon):    11040 kB
Active(file):     570176 kB
Inactive(file):   460876 kB
Unevictable:           0 kB
Mlocked:               0 kB
SwapTotal:       3905532 kB
SwapFree:        3905532 kB
Dirty:              8624 kB
Writeback:             0 kB
AnonPages:         25372 kB
Mapped:            36960 kB
Shmem:             11260 kB
Slab:             515572 kB
SReclaimable:     161044 kB
SUnreclaim:       354528 kB
KernelStack:       21200 kB
PageTables:         2592 kB
NFS_Unstable:          0 kB
Bounce:                0 kB
WritebackTmp:          0 kB
CommitLimit:    399422212 kB
Committed_AS:    1320072 kB
VmallocTotal:   34359738367 kB
VmallocUsed:           0 kB
VmallocChunk:          0 kB
Percpu:            50688 kB
HardwareCorrupted:     0 kB
AnonHugePages:      2048 kB
ShmemHugePages:        0 kB
ShmemPmdMapped:        0 kB
HugePages_Total:       0
HugePages_Free:        0
HugePages_Rsvd:        0
HugePages_Surp:        0
Hugepagesize:       2048 kB
Hugetlb:               0 kB
DirectMap4k:      438272 kB
DirectMap2M:     7399424 kB
DirectMap1G:    797966336 kB
