MemTotal:       196669448 kB
MemFree:        194764964 kB
MemAvailable:   194704348 kB
Buffers:          143296 kB
Cached:           900772 kB
SwapCached:            0 kB
Active:           595292 kB
Inactive:         470092 kB
Active(anon):      21740 kB
Inactive(anon):     9772 kB
Active(file):     573552 kB
Inactive(file):   460320 kB
Unevictable:           0 kB
Mlocked:               0 kB
SwapTotal:       3905532 kB
SwapFree:        3905532 kB
Dirty:              9632 kB
Writeback:             0 kB
AnonPages:         22064 kB
Mapped:            35972 kB
Shmem:              9952 kB
Slab:             336476 kB
SReclaimable:     127384 kB
SUnreclaim:       209092 kB
KernelStack:       10224 kB
PageTables:          992 kB
NFS_Unstable:          0 kB
Bounce:                0 kB
WritebackTmp:          0 kB
CommitLimit:    102240256 kB
Committed_AS:     729896 kB
VmallocTotal:   34359738367 kB
VmallocUsed:           0 kB
VmallocChunk:          0 kB
Percpu:            22272 kB
HardwareCorrupted:     0 kB
AnonHugePages:         0 kB
ShmemHugePages:        0 kB
ShmemPmdMapped:        0 kB
HugePages_Total:       0
HugePages_Free:        0
HugePages_Rsvd:        0
HugePages_Surp:        0
Hugepagesize:       2048 kB
Hugetlb:               0 kB
DirectMap4k:      254036 kB
DirectMap2M:     5654528 kB
DirectMap1G:    196083712 kB
