MemTotal:       196669452 kB
MemFree:        194785264 kB
MemAvailable:   194719984 kB
Buffers:          145632 kB
Cached:           894476 kB
SwapCached:            0 kB
Active:           599588 kB
Inactive:         466548 kB
Active(anon):      26548 kB
Inactive(anon):     9752 kB
Active(file):     573040 kB
Inactive(file):   456796 kB
Unevictable:           0 kB
Mlocked:               0 kB
SwapTotal:       3905532 kB
SwapFree:        3905532 kB
Dirty:              7124 kB
Writeback:           232 kB
AnonPages:         26648 kB
Mapped:            36640 kB
Shmem:              9952 kB
Slab:             324808 kB
SReclaimable:     126328 kB
SUnreclaim:       198480 kB
KernelStack:       12144 kB
PageTables:         3236 kB
NFS_Unstable:          0 kB
Bounce:                0 kB
WritebackTmp:          0 kB
CommitLimit:    102240256 kB
Committed_AS:     574280 kB
VmallocTotal:   34359738367 kB
VmallocUsed:           0 kB
VmallocChunk:          0 kB
Percpu:            22272 kB
HardwareCorrupted:     0 kB
AnonHugePages:     26624 kB
ShmemHugePages:        0 kB
ShmemPmdMapped:        0 kB
HugePages_Total:       0
HugePages_Free:        0
HugePages_Rsvd:        0
HugePages_Surp:        0
Hugepagesize:       2048 kB
Hugetlb:               0 kB
DirectMap4k:      249944 kB
DirectMap2M:     6707200 kB
DirectMap1G:    195035136 kB
