MemTotal:       196669452 kB
MemFree:        194747568 kB
MemAvailable:   194657732 kB
Buffers:          138564 kB
Cached:           879160 kB
SwapCached:            0 kB
Active:           642748 kB
Inactive:         478116 kB
Active(anon):     103460 kB
Inactive(anon):     9764 kB
Active(file):     539288 kB
Inactive(file):   468352 kB
Unevictable:           0 kB
Mlocked:               0 kB
SwapTotal:       3905532 kB
SwapFree:        3905532 kB
Dirty:               128 kB
Writeback:             0 kB
AnonPages:        103392 kB
Mapped:           171072 kB
Shmem:              9956 kB
Slab:             300044 kB
SReclaimable:     121592 kB
SUnreclaim:       178452 kB
KernelStack:       10240 kB
PageTables:         1932 kB
NFS_Unstable:          0 kB
Bounce:                0 kB
WritebackTmp:          0 kB
CommitLimit:    102240256 kB
Committed_AS:     804256 kB
VmallocTotal:   34359738367 kB
VmallocUsed:           0 kB
VmallocChunk:          0 kB
Percpu:            22272 kB
HardwareCorrupted:     0 kB
AnonHugePages:     10240 kB
ShmemHugePages:        0 kB
ShmemPmdMapped:        0 kB
HugePages_Total:       0
HugePages_Free:        0
HugePages_Rsvd:        0
HugePages_Surp:        0
Hugepagesize:       2048 kB
Hugetlb:               0 kB
DirectMap4k:      245848 kB
DirectMap2M:     6711296 kB
DirectMap1G:    195035136 kB
