MemTotal:       791033360 kB
MemFree:        788372568 kB
MemAvailable:   786479980 kB
Buffers:          144904 kB
Cached:           905544 kB
SwapCached:            0 kB
Active:           602488 kB
Inactive:         472140 kB
Active(anon):      24928 kB
Inactive(anon):    11020 kB
Active(file):     577560 kB
Inactive(file):   461120 kB
Unevictable:           0 kB
Mlocked:               0 kB
SwapTotal:       3905532 kB
SwapFree:        3905532 kB
Dirty:             10656 kB
Writeback:             0 kB
AnonPages:         24692 kB
Mapped:            36532 kB
Shmem:             11260 kB
Slab:             513828 kB
SReclaimable:     160916 kB
SUnreclaim:       352912 kB
KernelStack:       18624 kB
PageTables:          996 kB
NFS_Unstable:          0 kB
Bounce:                0 kB
WritebackTmp:          0 kB
CommitLimit:    399422212 kB
Committed_AS:    1089740 kB
VmallocTotal:   34359738367 kB
VmallocUsed:           0 kB
VmallocChunk:          0 kB
Percpu:            69120 kB
HardwareCorrupted:     0 kB
AnonHugePages:      2048 kB
ShmemHugePages:        0 kB
ShmemPmdMapped:        0 kB
HugePages_Total:       0
HugePages_Free:        0
HugePages_Rsvd:        0
HugePages_Surp:        0
Hugepagesize:       2048 kB
Hugetlb:               0 kB
DirectMap4k:      432128 kB
DirectMap2M:     8454144 kB
DirectMap1G:    796917760 kB
