MemTotal:       791033360 kB
MemFree:        788406568 kB
MemAvailable:   786508624 kB
Buffers:          142816 kB
Cached:           898512 kB
SwapCached:            0 kB
Active:           597556 kB
Inactive:         468760 kB
Active(anon):      25320 kB
Inactive(anon):    11020 kB
Active(file):     572236 kB
Inactive(file):   457740 kB
Unevictable:           0 kB
Mlocked:               0 kB
SwapTotal:       3905532 kB
SwapFree:        3905532 kB
Dirty:              7780 kB
Writeback:             0 kB
AnonPages:         24624 kB
Mapped:            37048 kB
Shmem:             11260 kB
Slab:             499772 kB
SReclaimable:     158908 kB
SUnreclaim:       340864 kB
KernelStack:       18656 kB
PageTables:         1076 kB
NFS_Unstable:          0 kB
Bounce:                0 kB
WritebackTmp:          0 kB
CommitLimit:    399422212 kB
Committed_AS:    1213568 kB
VmallocTotal:   34359738367 kB
VmallocUsed:           0 kB
VmallocChunk:          0 kB
Percpu:            69120 kB
HardwareCorrupted:     0 kB
AnonHugePages:      8192 kB
ShmemHugePages:        0 kB
ShmemPmdMapped:        0 kB
HugePages_Total:       0
HugePages_Free:        0
HugePages_Rsvd:        0
HugePages_Surp:        0
Hugepagesize:       2048 kB
Hugetlb:               0 kB
DirectMap4k:      432128 kB
DirectMap2M:     8454144 kB
DirectMap1G:    796917760 kB
