MemTotal:       791033364 kB
MemFree:        788446320 kB
MemAvailable:   786544124 kB
Buffers:          139452 kB
Cached:           893504 kB
SwapCached:            0 kB
Active:           590236 kB
Inactive:         466904 kB
Active(anon):      24544 kB
Inactive(anon):    11032 kB
Active(file):     565692 kB
Inactive(file):   455872 kB
Unevictable:           0 kB
Mlocked:               0 kB
SwapTotal:       3905532 kB
SwapFree:        3905532 kB
Dirty:              5880 kB
Writeback:             0 kB
AnonPages:         24332 kB
Mapped:            35896 kB
Shmem:             11260 kB
Slab:             490004 kB
SReclaimable:     158632 kB
SUnreclaim:       331372 kB
KernelStack:       18560 kB
PageTables:          868 kB
NFS_Unstable:          0 kB
Bounce:                0 kB
WritebackTmp:          0 kB
CommitLimit:    399422212 kB
Committed_AS:    1448256 kB
VmallocTotal:   34359738367 kB
VmallocUsed:           0 kB
VmallocChunk:          0 kB
Percpu:            52224 kB
HardwareCorrupted:     0 kB
AnonHugePages:      4096 kB
ShmemHugePages:        0 kB
ShmemPmdMapped:        0 kB
HugePages_Total:       0
HugePages_Free:        0
HugePages_Rsvd:        0
HugePages_Surp:        0
Hugepagesize:       2048 kB
Hugetlb:               0 kB
DirectMap4k:      423936 kB
DirectMap2M:    10559488 kB
DirectMap1G:    794820608 kB
