MemTotal:       97452780 kB
MemFree:        95403840 kB
MemAvailable:   95671732 kB
Buffers:          141880 kB
Cached:           890512 kB
SwapCached:            0 kB
Active:           589748 kB
Inactive:         466764 kB
Active(anon):      24060 kB
Inactive(anon):     9024 kB
Active(file):     565688 kB
Inactive(file):   457740 kB
Unevictable:           0 kB
Mlocked:               0 kB
SwapTotal:       3905532 kB
SwapFree:        3905532 kB
Dirty:              7104 kB
Writeback:             0 kB
AnonPages:         23944 kB
Mapped:            36044 kB
Shmem:              9216 kB
Slab:             304632 kB
SReclaimable:     119644 kB
SUnreclaim:       184988 kB
KernelStack:        8048 kB
PageTables:         2128 kB
NFS_Unstable:          0 kB
Bounce:                0 kB
WritebackTmp:          0 kB
CommitLimit:    52631920 kB
Committed_AS:     710804 kB
VmallocTotal:   34359738367 kB
VmallocUsed:           0 kB
VmallocChunk:          0 kB
Percpu:            21120 kB
HardwareCorrupted:     0 kB
AnonHugePages:     30720 kB
ShmemHugePages:        0 kB
ShmemPmdMapped:        0 kB
HugePages_Total:       0
HugePages_Free:        0
HugePages_Rsvd:        0
HugePages_Surp:        0
Hugepagesize:       2048 kB
Hugetlb:               0 kB
DirectMap4k:      243440 kB
DirectMap2M:     6582272 kB
DirectMap1G:    94371840 kB
