MemTotal:       196669432 kB
MemFree:        194798032 kB
MemAvailable:   194728040 kB
Buffers:          140624 kB
Cached:           894848 kB
SwapCached:            0 kB
Active:           585856 kB
Inactive:         471084 kB
Active(anon):      21784 kB
Inactive(anon):     9760 kB
Active(file):     564072 kB
Inactive(file):   461324 kB
Unevictable:           0 kB
Mlocked:               0 kB
SwapTotal:       3905532 kB
SwapFree:        3905532 kB
Dirty:              7604 kB
Writeback:             0 kB
AnonPages:         21608 kB
Mapped:            35428 kB
Shmem:              9972 kB
Slab:             324592 kB
SReclaimable:     125528 kB
SUnreclaim:       199064 kB
KernelStack:       10112 kB
PageTables:          992 kB
NFS_Unstable:          0 kB
Bounce:                0 kB
WritebackTmp:          0 kB
CommitLimit:    102240248 kB
Committed_AS:     834900 kB
VmallocTotal:   34359738367 kB
VmallocUsed:           0 kB
VmallocChunk:          0 kB
Percpu:            21504 kB
HardwareCorrupted:     0 kB
AnonHugePages:      2048 kB
ShmemHugePages:        0 kB
ShmemPmdMapped:        0 kB
HugePages_Total:       0
HugePages_Free:        0
HugePages_Rsvd:        0
HugePages_Surp:        0
Hugepagesize:       2048 kB
Hugetlb:               0 kB
DirectMap4k:      258116 kB
DirectMap2M:     6699008 kB
DirectMap1G:    195035136 kB
