MemTotal:       97452780 kB
MemFree:        95444472 kB
MemAvailable:   95698140 kB
Buffers:          137280 kB
Cached:           882108 kB
SwapCached:            0 kB
Active:           446192 kB
Inactive:         597096 kB
Active(anon):      24100 kB
Inactive(anon):     9028 kB
Active(file):     422092 kB
Inactive(file):   588068 kB
Unevictable:           0 kB
Mlocked:               0 kB
SwapTotal:       3905532 kB
SwapFree:        3905532 kB
Dirty:              4280 kB
Writeback:             0 kB
AnonPages:         23696 kB
Mapped:            35768 kB
Shmem:              9216 kB
Slab:             283988 kB
SReclaimable:     117736 kB
SUnreclaim:       166252 kB
KernelStack:        6816 kB
PageTables:         1024 kB
NFS_Unstable:          0 kB
Bounce:                0 kB
WritebackTmp:          0 kB
CommitLimit:    52631920 kB
Committed_AS:     713012 kB
VmallocTotal:   34359738367 kB
VmallocUsed:           0 kB
VmallocChunk:          0 kB
Percpu:            21120 kB
HardwareCorrupted:     0 kB
AnonHugePages:      8192 kB
ShmemHugePages:        0 kB
ShmemPmdMapped:        0 kB
HugePages_Total:       0
HugePages_Free:        0
HugePages_Rsvd:        0
HugePages_Surp:        0
Hugepagesize:       2048 kB
Hugetlb:               0 kB
DirectMap4k:      220912 kB
DirectMap2M:     6604800 kB
DirectMap1G:    94371840 kB
