MemTotal:       791033360 kB
MemFree:        788469196 kB
MemAvailable:   786557796 kB
Buffers:          136292 kB
Cached:           885060 kB
SwapCached:            0 kB
Active:           571740 kB
Inactive:         474132 kB
Active(anon):      25084 kB
Inactive(anon):    11020 kB
Active(file):     546656 kB
Inactive(file):   463112 kB
Unevictable:           0 kB
Mlocked:               0 kB
SwapTotal:       3905532 kB
SwapFree:        3905532 kB
Dirty:              2568 kB
Writeback:             0 kB
AnonPages:         25136 kB
Mapped:            36628 kB
Shmem:             11260 kB
Slab:             447984 kB
SReclaimable:     152216 kB
SUnreclaim:       295768 kB
KernelStack:       18656 kB
PageTables:         1060 kB
NFS_Unstable:          0 kB
Bounce:                0 kB
WritebackTmp:          0 kB
CommitLimit:    399422212 kB
Committed_AS:    1311924 kB
VmallocTotal:   34359738367 kB
VmallocUsed:           0 kB
VmallocChunk:          0 kB
Percpu:            69120 kB
HardwareCorrupted:     0 kB
AnonHugePages:      6144 kB
ShmemHugePages:        0 kB
ShmemPmdMapped:        0 kB
HugePages_Total:       0
HugePages_Free:        0
HugePages_Rsvd:        0
HugePages_Surp:        0
Hugepagesize:       2048 kB
Hugetlb:               0 kB
DirectMap4k:      432128 kB
DirectMap2M:     8454144 kB
DirectMap1G:    796917760 kB
