MemTotal:       97452780 kB
MemFree:        95366316 kB
MemAvailable:   95663928 kB
Buffers:          151244 kB
Cached:           909932 kB
SwapCached:            0 kB
Active:           613388 kB
Inactive:         475720 kB
Active(anon):      28536 kB
Inactive(anon):     9048 kB
Active(file):     584852 kB
Inactive(file):   466672 kB
Unevictable:           0 kB
Mlocked:               0 kB
SwapTotal:       3905532 kB
SwapFree:        3905532 kB
Dirty:             13356 kB
Writeback:             0 kB
AnonPages:         27864 kB
Mapped:            36068 kB
Shmem:              9216 kB
Slab:             312528 kB
SReclaimable:     122884 kB
SUnreclaim:       189644 kB
KernelStack:        7920 kB
PageTables:         3176 kB
NFS_Unstable:          0 kB
Bounce:                0 kB
WritebackTmp:          0 kB
CommitLimit:    52631920 kB
Committed_AS:     695236 kB
VmallocTotal:   34359738367 kB
VmallocUsed:           0 kB
VmallocChunk:          0 kB
Percpu:            17760 kB
HardwareCorrupted:     0 kB
AnonHugePages:     14336 kB
ShmemHugePages:        0 kB
ShmemPmdMapped:        0 kB
HugePages_Total:       0
HugePages_Free:        0
HugePages_Rsvd:        0
HugePages_Surp:        0
Hugepagesize:       2048 kB
Hugetlb:               0 kB
DirectMap4k:      239344 kB
DirectMap2M:     5537792 kB
DirectMap1G:    95420416 kB
