MemTotal:       791033360 kB
MemFree:        788460708 kB
MemAvailable:   786549988 kB
Buffers:          136668 kB
Cached:           883636 kB
SwapCached:            0 kB
Active:           579596 kB
Inactive:         465376 kB
Active(anon):      24952 kB
Inactive(anon):    11020 kB
Active(file):     554644 kB
Inactive(file):   454356 kB
Unevictable:           0 kB
Mlocked:               0 kB
SwapTotal:       3905532 kB
SwapFree:        3905532 kB
Dirty:               380 kB
Writeback:             0 kB
AnonPages:         24492 kB
Mapped:            36708 kB
Shmem:             11260 kB
Slab:             462056 kB
SReclaimable:     154340 kB
SUnreclaim:       307716 kB
KernelStack:       18736 kB
PageTables:          932 kB
NFS_Unstable:          0 kB
Bounce:                0 kB
WritebackTmp:          0 kB
CommitLimit:    399422212 kB
Committed_AS:    1278152 kB
VmallocTotal:   34359738367 kB
VmallocUsed:           0 kB
VmallocChunk:          0 kB
Percpu:            69120 kB
HardwareCorrupted:     0 kB
AnonHugePages:      2048 kB
ShmemHugePages:        0 kB
ShmemPmdMapped:        0 kB
HugePages_Total:       0
HugePages_Free:        0
HugePages_Rsvd:        0
HugePages_Surp:        0
Hugepagesize:       2048 kB
Hugetlb:               0 kB
DirectMap4k:      432128 kB
DirectMap2M:     8454144 kB
DirectMap1G:    796917760 kB
