MemTotal:       791033360 kB
MemFree:        788380288 kB
MemAvailable:   786485324 kB
Buffers:          144052 kB
Cached:           902284 kB
SwapCached:            0 kB
Active:           605136 kB
Inactive:         471364 kB
Active(anon):      30436 kB
Inactive(anon):    11020 kB
Active(file):     574700 kB
Inactive(file):   460344 kB
Unevictable:           0 kB
Mlocked:               0 kB
SwapTotal:       3905532 kB
SwapFree:        3905532 kB
Dirty:              9172 kB
Writeback:             0 kB
AnonPages:         28804 kB
Mapped:            38888 kB
Shmem:             11260 kB
Slab:             507804 kB
SReclaimable:     159796 kB
SUnreclaim:       348008 kB
KernelStack:       20928 kB
PageTables:         4360 kB
NFS_Unstable:          0 kB
Bounce:                0 kB
WritebackTmp:          0 kB
CommitLimit:    399422212 kB
Committed_AS:     979016 kB
VmallocTotal:   34359738367 kB
VmallocUsed:           0 kB
VmallocChunk:          0 kB
Percpu:            69120 kB
HardwareCorrupted:     0 kB
AnonHugePages:    790528 kB
ShmemHugePages:        0 kB
ShmemPmdMapped:        0 kB
HugePages_Total:       0
HugePages_Free:        0
HugePages_Rsvd:        0
HugePages_Surp:        0
Hugepagesize:       2048 kB
Hugetlb:               0 kB
DirectMap4k:      432128 kB
DirectMap2M:     8454144 kB
DirectMap1G:    796917760 kB
