MemTotal:       791033360 kB
MemFree:        788450164 kB
MemAvailable:   786543184 kB
Buffers:          137108 kB
Cached:           888888 kB
SwapCached:            0 kB
Active:           579612 kB
Inactive:         469372 kB
Active(anon):      22980 kB
Inactive(anon):    11020 kB
Active(file):     556632 kB
Inactive(file):   458352 kB
Unevictable:           0 kB
Mlocked:               0 kB
SwapTotal:       3905532 kB
SwapFree:        3905532 kB
Dirty:              4104 kB
Writeback:             0 kB
AnonPages:         23056 kB
Mapped:            36448 kB
Shmem:             11260 kB
Slab:             468792 kB
SReclaimable:     155836 kB
SUnreclaim:       312956 kB
KernelStack:       18640 kB
PageTables:         1228 kB
NFS_Unstable:          0 kB
Bounce:                0 kB
WritebackTmp:          0 kB
CommitLimit:    399422212 kB
Committed_AS:    1445984 kB
VmallocTotal:   34359738367 kB
VmallocUsed:           0 kB
VmallocChunk:          0 kB
Percpu:            67584 kB
HardwareCorrupted:     0 kB
AnonHugePages:      4096 kB
ShmemHugePages:        0 kB
ShmemPmdMapped:        0 kB
HugePages_Total:       0
HugePages_Free:        0
HugePages_Rsvd:        0
HugePages_Surp:        0
Hugepagesize:       2048 kB
Hugetlb:               0 kB
DirectMap4k:      417792 kB
DirectMap2M:     8468480 kB
DirectMap1G:    796917760 kB
