MemTotal:       791033364 kB
MemFree:        788421964 kB
MemAvailable:   786522696 kB
Buffers:          140860 kB
Cached:           896332 kB
SwapCached:            0 kB
Active:           591692 kB
Inactive:         467520 kB
Active(anon):      23012 kB
Inactive(anon):    11040 kB
Active(file):     568680 kB
Inactive(file):   456480 kB
Unevictable:           0 kB
Mlocked:               0 kB
SwapTotal:       3905532 kB
SwapFree:        3905532 kB
Dirty:              6580 kB
Writeback:             0 kB
AnonPages:         22908 kB
Mapped:            37188 kB
Shmem:             11260 kB
Slab:             513728 kB
SReclaimable:     160888 kB
SUnreclaim:       352840 kB
KernelStack:       18640 kB
PageTables:         1404 kB
NFS_Unstable:          0 kB
Bounce:                0 kB
WritebackTmp:          0 kB
CommitLimit:    399422212 kB
Committed_AS:    1316964 kB
VmallocTotal:   34359738367 kB
VmallocUsed:           0 kB
VmallocChunk:          0 kB
Percpu:            50688 kB
HardwareCorrupted:     0 kB
AnonHugePages:      6144 kB
ShmemHugePages:        0 kB
ShmemPmdMapped:        0 kB
HugePages_Total:       0
HugePages_Free:        0
HugePages_Rsvd:        0
HugePages_Surp:        0
Hugepagesize:       2048 kB
Hugetlb:               0 kB
DirectMap4k:      438272 kB
DirectMap2M:     7399424 kB
DirectMap1G:    797966336 kB
