MemTotal:       791033364 kB
MemFree:        788422296 kB
MemAvailable:   786518152 kB
Buffers:          139800 kB
Cached:           887968 kB
SwapCached:            0 kB
Active:           589284 kB
Inactive:         461272 kB
Active(anon):      23032 kB
Inactive(anon):    11040 kB
Active(file):     566252 kB
Inactive(file):   450232 kB
Unevictable:           0 kB
Mlocked:               0 kB
SwapTotal:       3905532 kB
SwapFree:        3905532 kB
Dirty:               348 kB
Writeback:             0 kB
AnonPages:         22616 kB
Mapped:            36656 kB
Shmem:             11260 kB
Slab:             502936 kB
SReclaimable:     159804 kB
SUnreclaim:       343132 kB
KernelStack:       18656 kB
PageTables:         1280 kB
NFS_Unstable:          0 kB
Bounce:                0 kB
WritebackTmp:          0 kB
CommitLimit:    399422212 kB
Committed_AS:    1076548 kB
VmallocTotal:   34359738367 kB
VmallocUsed:           0 kB
VmallocChunk:          0 kB
Percpu:            50688 kB
HardwareCorrupted:     0 kB
AnonHugePages:      2048 kB
ShmemHugePages:        0 kB
ShmemPmdMapped:        0 kB
HugePages_Total:       0
HugePages_Free:        0
HugePages_Rsvd:        0
HugePages_Surp:        0
Hugepagesize:       2048 kB
Hugetlb:               0 kB
DirectMap4k:      438272 kB
DirectMap2M:     7399424 kB
DirectMap1G:    797966336 kB
