MemTotal:       97452780 kB
MemFree:        95395348 kB
MemAvailable:   95668924 kB
Buffers:          145996 kB
Cached:           890552 kB
SwapCached:            0 kB
Active:           602412 kB
Inactive:         461144 kB
Active(anon):      26676 kB
Inactive(anon):     9048 kB
Active(file):     575736 kB
Inactive(file):   452096 kB
Unevictable:           0 kB
Mlocked:               0 kB
SwapTotal:       3905532 kB
SwapFree:        3905532 kB
Dirty:               812 kB
Writeback:             0 kB
AnonPages:         26524 kB
Mapped:            35920 kB
Shmem:              9216 kB
Slab:             307600 kB
SReclaimable:     122204 kB
SUnreclaim:       185396 kB
KernelStack:        6976 kB
PageTables:         1060 kB
NFS_Unstable:          0 kB
Bounce:                0 kB
WritebackTmp:          0 kB
CommitLimit:    52631920 kB
Committed_AS:     726860 kB
VmallocTotal:   34359738367 kB
VmallocUsed:           0 kB
VmallocChunk:          0 kB
Percpu:            17760 kB
HardwareCorrupted:     0 kB
AnonHugePages:     28672 kB
ShmemHugePages:        0 kB
ShmemPmdMapped:        0 kB
HugePages_Total:       0
HugePages_Free:        0
HugePages_Rsvd:        0
HugePages_Surp:        0
Hugepagesize:       2048 kB
Hugetlb:               0 kB
DirectMap4k:      239344 kB
DirectMap2M:     5537792 kB
DirectMap1G:    95420416 kB
