MemTotal:       97452612 kB
MemFree:        95415084 kB
MemAvailable:   95681232 kB
Buffers:          141240 kB
Cached:           898464 kB
SwapCached:            0 kB
Active:           587320 kB
Inactive:         474728 kB
Active(anon):      22740 kB
Inactive(anon):    17220 kB
Active(file):     564580 kB
Inactive(file):   457508 kB
Unevictable:           0 kB
Mlocked:               0 kB
SwapTotal:       3905532 kB
SwapFree:        3905532 kB
Dirty:              6608 kB
Writeback:             0 kB
AnonPages:         23580 kB
Mapped:            38852 kB
Shmem:             17408 kB
Slab:             297928 kB
SReclaimable:     118840 kB
SUnreclaim:       179088 kB
KernelStack:        6864 kB
PageTables:         1076 kB
NFS_Unstable:          0 kB
Bounce:                0 kB
WritebackTmp:          0 kB
CommitLimit:    52631836 kB
Committed_AS:     740312 kB
VmallocTotal:   34359738367 kB
VmallocUsed:           0 kB
VmallocChunk:          0 kB
Percpu:            19200 kB
HardwareCorrupted:     0 kB
AnonHugePages:      2048 kB
ShmemHugePages:        0 kB
ShmemPmdMapped:        0 kB
HugePages_Total:       0
HugePages_Free:        0
HugePages_Rsvd:        0
HugePages_Surp:        0
Hugepagesize:       2048 kB
Hugetlb:               0 kB
DirectMap4k:      228936 kB
DirectMap2M:     5548032 kB
DirectMap1G:    95420416 kB
