MemTotal:       97452780 kB
MemFree:        95408464 kB
MemAvailable:   95673208 kB
Buffers:          143404 kB
Cached:           885828 kB
SwapCached:            0 kB
Active:           592288 kB
Inactive:         459124 kB
Active(anon):      22364 kB
Inactive(anon):     9024 kB
Active(file):     569924 kB
Inactive(file):   450100 kB
Unevictable:           0 kB
Mlocked:               0 kB
SwapTotal:       3905532 kB
SwapFree:        3905532 kB
Dirty:               532 kB
Writeback:             0 kB
AnonPages:         22200 kB
Mapped:            35764 kB
Shmem:              9216 kB
Slab:             305508 kB
SReclaimable:     120160 kB
SUnreclaim:       185348 kB
KernelStack:        6880 kB
PageTables:         1076 kB
NFS_Unstable:          0 kB
Bounce:                0 kB
WritebackTmp:          0 kB
CommitLimit:    52631920 kB
Committed_AS:     686880 kB
VmallocTotal:   34359738367 kB
VmallocUsed:           0 kB
VmallocChunk:          0 kB
Percpu:            21120 kB
HardwareCorrupted:     0 kB
AnonHugePages:      2048 kB
ShmemHugePages:        0 kB
ShmemPmdMapped:        0 kB
HugePages_Total:       0
HugePages_Free:        0
HugePages_Rsvd:        0
HugePages_Surp:        0
Hugepagesize:       2048 kB
Hugetlb:               0 kB
DirectMap4k:      243440 kB
DirectMap2M:     6582272 kB
DirectMap1G:    94371840 kB
