MemTotal:       791033364 kB
MemFree:        788440956 kB
MemAvailable:   786537908 kB
Buffers:          139848 kB
Cached:           889712 kB
SwapCached:            0 kB
Active:           591880 kB
Inactive:         462484 kB
Active(anon):      25140 kB
Inactive(anon):    11032 kB
Active(file):     566740 kB
Inactive(file):   451452 kB
Unevictable:           0 kB
Mlocked:               0 kB
SwapTotal:       3905532 kB
SwapFree:        3905532 kB
Dirty:               488 kB
Writeback:             0 kB
AnonPages:         24708 kB
Mapped:            36316 kB
Shmem:             11260 kB
Slab:             502364 kB
SReclaimable:     160292 kB
SUnreclaim:       342072 kB
KernelStack:       18656 kB
PageTables:          996 kB
NFS_Unstable:          0 kB
Bounce:                0 kB
WritebackTmp:          0 kB
CommitLimit:    399422212 kB
Committed_AS:    1390180 kB
VmallocTotal:   34359738367 kB
VmallocUsed:           0 kB
VmallocChunk:          0 kB
Percpu:            52224 kB
HardwareCorrupted:     0 kB
AnonHugePages:      4096 kB
ShmemHugePages:        0 kB
ShmemPmdMapped:        0 kB
HugePages_Total:       0
HugePages_Free:        0
HugePages_Rsvd:        0
HugePages_Surp:        0
Hugepagesize:       2048 kB
Hugetlb:               0 kB
DirectMap4k:      423936 kB
DirectMap2M:    10559488 kB
DirectMap1G:    794820608 kB
