MemTotal:       196669448 kB
MemFree:        194804192 kB
MemAvailable:   194723000 kB
Buffers:          139096 kB
Cached:           884564 kB
SwapCached:            0 kB
Active:           583848 kB
Inactive:         461836 kB
Active(anon):      21728 kB
Inactive(anon):     9772 kB
Active(file):     562120 kB
Inactive(file):   452064 kB
Unevictable:           0 kB
Mlocked:               0 kB
SwapTotal:       3905532 kB
SwapFree:        3905532 kB
Dirty:               320 kB
Writeback:             0 kB
AnonPages:         21324 kB
Mapped:            36284 kB
Shmem:              9952 kB
Slab:             326420 kB
SReclaimable:     125612 kB
SUnreclaim:       200808 kB
KernelStack:       10352 kB
PageTables:         1168 kB
NFS_Unstable:          0 kB
Bounce:                0 kB
WritebackTmp:          0 kB
CommitLimit:    102240256 kB
Committed_AS:     738140 kB
VmallocTotal:   34359738367 kB
VmallocUsed:           0 kB
VmallocChunk:          0 kB
Percpu:            22272 kB
HardwareCorrupted:     0 kB
AnonHugePages:         0 kB
ShmemHugePages:        0 kB
ShmemPmdMapped:        0 kB
HugePages_Total:       0
HugePages_Free:        0
HugePages_Rsvd:        0
HugePages_Surp:        0
Hugepagesize:       2048 kB
Hugetlb:               0 kB
DirectMap4k:      254036 kB
DirectMap2M:     5654528 kB
DirectMap1G:    196083712 kB
