MemTotal:       791033360 kB
MemFree:        788429788 kB
MemAvailable:   786525108 kB
Buffers:          139784 kB
Cached:           891120 kB
SwapCached:            0 kB
Active:           589280 kB
Inactive:         466288 kB
Active(anon):      24932 kB
Inactive(anon):    11040 kB
Active(file):     564348 kB
Inactive(file):   455248 kB
Unevictable:           0 kB
Mlocked:               0 kB
SwapTotal:       3905532 kB
SwapFree:        3905532 kB
Dirty:              4940 kB
Writeback:             0 kB
AnonPages:         25260 kB
Mapped:            36532 kB
Shmem:             11260 kB
Slab:             479840 kB
SReclaimable:     155820 kB
SUnreclaim:       324020 kB
KernelStack:       18592 kB
PageTables:          960 kB
NFS_Unstable:          0 kB
Bounce:                0 kB
WritebackTmp:          0 kB
CommitLimit:    399422212 kB
Committed_AS:    1264588 kB
VmallocTotal:   34359738367 kB
VmallocUsed:           0 kB
VmallocChunk:          0 kB
Percpu:            69120 kB
HardwareCorrupted:     0 kB
AnonHugePages:      4096 kB
ShmemHugePages:        0 kB
ShmemPmdMapped:        0 kB
HugePages_Total:       0
HugePages_Free:        0
HugePages_Rsvd:        0
HugePages_Surp:        0
Hugepagesize:       2048 kB
Hugetlb:               0 kB
DirectMap4k:      389120 kB
DirectMap2M:     8497152 kB
DirectMap1G:    796917760 kB
