MemTotal:       791033360 kB
MemFree:        788457992 kB
MemAvailable:   786543792 kB
Buffers:          137132 kB
Cached:           881816 kB
SwapCached:            0 kB
Active:           449116 kB
Inactive:         595308 kB
Active(anon):      25816 kB
Inactive(anon):    11040 kB
Active(file):     423300 kB
Inactive(file):   584268 kB
Unevictable:           0 kB
Mlocked:               0 kB
SwapTotal:       3905532 kB
SwapFree:        3905532 kB
Dirty:                 0 kB
Writeback:             0 kB
AnonPages:         25424 kB
Mapped:            36612 kB
Shmem:             11260 kB
Slab:             425304 kB
SReclaimable:     148812 kB
SUnreclaim:       276492 kB
KernelStack:       18768 kB
PageTables:         1076 kB
NFS_Unstable:          0 kB
Bounce:                0 kB
WritebackTmp:          0 kB
CommitLimit:    399422212 kB
Committed_AS:    1346624 kB
VmallocTotal:   34359738367 kB
VmallocUsed:           0 kB
VmallocChunk:          0 kB
Percpu:            69120 kB
HardwareCorrupted:     0 kB
AnonHugePages:      4096 kB
ShmemHugePages:        0 kB
ShmemPmdMapped:        0 kB
HugePages_Total:       0
HugePages_Free:        0
HugePages_Rsvd:        0
HugePages_Surp:        0
Hugepagesize:       2048 kB
Hugetlb:               0 kB
DirectMap4k:      389120 kB
DirectMap2M:     8497152 kB
DirectMap1G:    796917760 kB
