MemTotal:       97452780 kB
MemFree:        95370172 kB
MemAvailable:   95665112 kB
Buffers:          149800 kB
Cached:           908792 kB
SwapCached:            0 kB
Active:           608800 kB
Inactive:         475856 kB
Active(anon):      26660 kB
Inactive(anon):     9048 kB
Active(file):     582140 kB
Inactive(file):   466808 kB
Unevictable:           0 kB
Mlocked:               0 kB
SwapTotal:       3905532 kB
SwapFree:        3905532 kB
Dirty:             13140 kB
Writeback:             0 kB
AnonPages:         26772 kB
Mapped:            35860 kB
Shmem:              9216 kB
Slab:             311080 kB
SReclaimable:     122696 kB
SUnreclaim:       188384 kB
KernelStack:        6896 kB
PageTables:         1128 kB
NFS_Unstable:          0 kB
Bounce:                0 kB
WritebackTmp:          0 kB
CommitLimit:    52631920 kB
Committed_AS:     725920 kB
VmallocTotal:   34359738367 kB
VmallocUsed:           0 kB
VmallocChunk:          0 kB
Percpu:            17760 kB
HardwareCorrupted:     0 kB
AnonHugePages:     10240 kB
ShmemHugePages:        0 kB
ShmemPmdMapped:        0 kB
HugePages_Total:       0
HugePages_Free:        0
HugePages_Rsvd:        0
HugePages_Surp:        0
Hugepagesize:       2048 kB
Hugetlb:               0 kB
DirectMap4k:      239344 kB
DirectMap2M:     5537792 kB
DirectMap1G:    95420416 kB
