MemTotal:       791033364 kB
MemFree:        789370800 kB
MemAvailable:   786968196 kB
Buffers:           11768 kB
Cached:           100956 kB
SwapCached:            0 kB
Active:            97224 kB
Inactive:          33980 kB
Active(anon):      19032 kB
Inactive(anon):    11064 kB
Active(file):      78192 kB
Inactive(file):    22916 kB
Unevictable:           0 kB
Mlocked:               0 kB
SwapTotal:       3905532 kB
SwapFree:        3905532 kB
Dirty:                 0 kB
Writeback:             0 kB
AnonPages:         18716 kB
Mapped:            23476 kB
Shmem:             11256 kB
Slab:             303608 kB
SReclaimable:      83312 kB
SUnreclaim:       220296 kB
KernelStack:       17856 kB
PageTables:          808 kB
NFS_Unstable:          0 kB
Bounce:                0 kB
WritebackTmp:          0 kB
CommitLimit:    399422212 kB
Committed_AS:    1042992 kB
VmallocTotal:   34359738367 kB
VmallocUsed:           0 kB
VmallocChunk:          0 kB
Percpu:            49152 kB
HardwareCorrupted:     0 kB
AnonHugePages:         0 kB
ShmemHugePages:        0 kB
ShmemPmdMapped:        0 kB
HugePages_Total:       0
HugePages_Free:        0
HugePages_Rsvd:        0
HugePages_Surp:        0
Hugepagesize:       2048 kB
Hugetlb:               0 kB
DirectMap4k:      452608 kB
DirectMap2M:     7385088 kB
DirectMap1G:    797966336 kB
