MemTotal:       791033364 kB
MemFree:        788473060 kB
MemAvailable:   786563208 kB
Buffers:          137324 kB
Cached:           885288 kB
SwapCached:            0 kB
Active:           572252 kB
Inactive:         472936 kB
Active(anon):      22868 kB
Inactive(anon):    11044 kB
Active(file):     549384 kB
Inactive(file):   461892 kB
Unevictable:           0 kB
Mlocked:               0 kB
SwapTotal:       3905532 kB
SwapFree:        3905532 kB
Dirty:              2528 kB
Writeback:             0 kB
AnonPages:         22352 kB
Mapped:            36992 kB
Shmem:             11260 kB
Slab:             464236 kB
SReclaimable:     153796 kB
SUnreclaim:       310440 kB
KernelStack:       18640 kB
PageTables:         1132 kB
NFS_Unstable:          0 kB
Bounce:                0 kB
WritebackTmp:          0 kB
CommitLimit:    399422212 kB
Committed_AS:    1330552 kB
VmallocTotal:   34359738367 kB
VmallocUsed:           0 kB
VmallocChunk:          0 kB
Percpu:            49152 kB
HardwareCorrupted:     0 kB
AnonHugePages:      4096 kB
ShmemHugePages:        0 kB
ShmemPmdMapped:        0 kB
HugePages_Total:       0
HugePages_Free:        0
HugePages_Rsvd:        0
HugePages_Surp:        0
Hugepagesize:       2048 kB
Hugetlb:               0 kB
DirectMap4k:      458752 kB
DirectMap2M:     8427520 kB
DirectMap1G:    796917760 kB
