MemTotal:       97452612 kB
MemFree:        95396416 kB
MemAvailable:   95671440 kB
Buffers:          148276 kB
Cached:           899476 kB
SwapCached:            0 kB
Active:           602964 kB
Inactive:         469336 kB
Active(anon):      24696 kB
Inactive(anon):    17220 kB
Active(file):     578268 kB
Inactive(file):   452116 kB
Unevictable:           0 kB
Mlocked:               0 kB
SwapTotal:       3905532 kB
SwapFree:        3905532 kB
Dirty:               548 kB
Writeback:             0 kB
AnonPages:         24052 kB
Mapped:            39384 kB
Shmem:             17408 kB
Slab:             306692 kB
SReclaimable:     119992 kB
SUnreclaim:       186700 kB
KernelStack:        7568 kB
PageTables:         1868 kB
NFS_Unstable:          0 kB
Bounce:                0 kB
WritebackTmp:          0 kB
CommitLimit:    52631836 kB
Committed_AS:     725592 kB
VmallocTotal:   34359738367 kB
VmallocUsed:           0 kB
VmallocChunk:          0 kB
Percpu:            19200 kB
HardwareCorrupted:     0 kB
AnonHugePages:     20480 kB
ShmemHugePages:        0 kB
ShmemPmdMapped:        0 kB
HugePages_Total:       0
HugePages_Free:        0
HugePages_Rsvd:        0
HugePages_Surp:        0
Hugepagesize:       2048 kB
Hugetlb:               0 kB
DirectMap4k:      228936 kB
DirectMap2M:     5548032 kB
DirectMap1G:    95420416 kB
