MemTotal:       196669452 kB
MemFree:        194778120 kB
MemAvailable:   194714812 kB
Buffers:          146124 kB
Cached:           896028 kB
SwapCached:            0 kB
Active:           601540 kB
Inactive:         467168 kB
Active(anon):      27296 kB
Inactive(anon):     9752 kB
Active(file):     574244 kB
Inactive(file):   457416 kB
Unevictable:           0 kB
Mlocked:               0 kB
SwapTotal:       3905532 kB
SwapFree:        3905532 kB
Dirty:              7748 kB
Writeback:             0 kB
AnonPages:         27548 kB
Mapped:            36860 kB
Shmem:              9952 kB
Slab:             326436 kB
SReclaimable:     126624 kB
SUnreclaim:       199812 kB
KernelStack:       11920 kB
PageTables:         3300 kB
NFS_Unstable:          0 kB
Bounce:                0 kB
WritebackTmp:          0 kB
CommitLimit:    102240256 kB
Committed_AS:     623216 kB
VmallocTotal:   34359738367 kB
VmallocUsed:           0 kB
VmallocChunk:          0 kB
Percpu:            22272 kB
HardwareCorrupted:     0 kB
AnonHugePages:     16384 kB
ShmemHugePages:        0 kB
ShmemPmdMapped:        0 kB
HugePages_Total:       0
HugePages_Free:        0
HugePages_Rsvd:        0
HugePages_Surp:        0
Hugepagesize:       2048 kB
Hugetlb:               0 kB
DirectMap4k:      249944 kB
DirectMap2M:     6707200 kB
DirectMap1G:    195035136 kB
