MemTotal:       97452780 kB
MemFree:        95365856 kB
MemAvailable:   95663312 kB
Buffers:          151652 kB
Cached:           909652 kB
SwapCached:            0 kB
Active:           607204 kB
Inactive:         476376 kB
Active(anon):      22388 kB
Inactive(anon):     9024 kB
Active(file):     584816 kB
Inactive(file):   467352 kB
Unevictable:           0 kB
Mlocked:               0 kB
SwapTotal:       3905532 kB
SwapFree:        3905532 kB
Dirty:             13660 kB
Writeback:             0 kB
AnonPages:         22476 kB
Mapped:            35588 kB
Shmem:              9216 kB
Slab:             312404 kB
SReclaimable:     121288 kB
SUnreclaim:       191116 kB
KernelStack:        6864 kB
PageTables:         1068 kB
NFS_Unstable:          0 kB
Bounce:                0 kB
WritebackTmp:          0 kB
CommitLimit:    52631920 kB
Committed_AS:     730260 kB
VmallocTotal:   34359738367 kB
VmallocUsed:           0 kB
VmallocChunk:          0 kB
Percpu:            21120 kB
HardwareCorrupted:     0 kB
AnonHugePages:      6144 kB
ShmemHugePages:        0 kB
ShmemPmdMapped:        0 kB
HugePages_Total:       0
HugePages_Free:        0
HugePages_Rsvd:        0
HugePages_Surp:        0
Hugepagesize:       2048 kB
Hugetlb:               0 kB
DirectMap4k:      243440 kB
DirectMap2M:     6582272 kB
DirectMap1G:    94371840 kB
