MemTotal:       196669312 kB
MemFree:        195807704 kB
MemAvailable:   195011880 kB
Buffers:           11968 kB
Cached:            98648 kB
SwapCached:            0 kB
Active:            98080 kB
Inactive:          31968 kB
Active(anon):      20444 kB
Inactive(anon):     9752 kB
Active(file):      77636 kB
Inactive(file):    22216 kB
Unevictable:           0 kB
Mlocked:               0 kB
SwapTotal:       3905532 kB
SwapFree:        3905532 kB
Dirty:               108 kB
Writeback:             0 kB
AnonPages:         20436 kB
Mapped:            23796 kB
Shmem:              9952 kB
Slab:             182908 kB
SReclaimable:      56412 kB
SUnreclaim:       126496 kB
KernelStack:       10160 kB
PageTables:          728 kB
NFS_Unstable:          0 kB
Bounce:                0 kB
WritebackTmp:          0 kB
CommitLimit:    102240188 kB
Committed_AS:     350096 kB
VmallocTotal:   34359738367 kB
VmallocUsed:           0 kB
VmallocChunk:          0 kB
Percpu:            21504 kB
HardwareCorrupted:     0 kB
AnonHugePages:      4096 kB
ShmemHugePages:        0 kB
ShmemPmdMapped:        0 kB
HugePages_Total:       0
HugePages_Free:        0
HugePages_Rsvd:        0
HugePages_Surp:        0
Hugepagesize:       2048 kB
Hugetlb:               0 kB
DirectMap4k:      233420 kB
DirectMap2M:     6723584 kB
DirectMap1G:    195035136 kB
