MemTotal:       196669448 kB
MemFree:        194802916 kB
MemAvailable:   194721756 kB
Buffers:          136764 kB
Cached:           887720 kB
SwapCached:            0 kB
Active:           578984 kB
Inactive:         466840 kB
Active(anon):      21648 kB
Inactive(anon):     9772 kB
Active(file):     557336 kB
Inactive(file):   457068 kB
Unevictable:           0 kB
Mlocked:               0 kB
SwapTotal:       3905532 kB
SwapFree:        3905532 kB
Dirty:              4580 kB
Writeback:             0 kB
AnonPages:         21804 kB
Mapped:            36376 kB
Shmem:              9952 kB
Slab:             320440 kB
SReclaimable:     125240 kB
SUnreclaim:       195200 kB
KernelStack:       10064 kB
PageTables:         1188 kB
NFS_Unstable:          0 kB
Bounce:                0 kB
WritebackTmp:          0 kB
CommitLimit:    102240256 kB
Committed_AS:     794844 kB
VmallocTotal:   34359738367 kB
VmallocUsed:           0 kB
VmallocChunk:          0 kB
Percpu:            22272 kB
HardwareCorrupted:     0 kB
AnonHugePages:      4096 kB
ShmemHugePages:        0 kB
ShmemPmdMapped:        0 kB
HugePages_Total:       0
HugePages_Free:        0
HugePages_Rsvd:        0
HugePages_Surp:        0
Hugepagesize:       2048 kB
Hugetlb:               0 kB
DirectMap4k:      254036 kB
DirectMap2M:     5654528 kB
DirectMap1G:    196083712 kB
