MemTotal:       791033360 kB
MemFree:        788396756 kB
MemAvailable:   786497880 kB
Buffers:          142316 kB
Cached:           897316 kB
SwapCached:            0 kB
Active:           595744 kB
Inactive:         468432 kB
Active(anon):      24824 kB
Inactive(anon):    11020 kB
Active(file):     570920 kB
Inactive(file):   457412 kB
Unevictable:           0 kB
Mlocked:               0 kB
SwapTotal:       3905532 kB
SwapFree:        3905532 kB
Dirty:              7276 kB
Writeback:             0 kB
AnonPages:         24632 kB
Mapped:            36800 kB
Shmem:             11260 kB
Slab:             498312 kB
SReclaimable:     158688 kB
SUnreclaim:       339624 kB
KernelStack:       18624 kB
PageTables:          996 kB
NFS_Unstable:          0 kB
Bounce:                0 kB
WritebackTmp:          0 kB
CommitLimit:    399422212 kB
Committed_AS:    1041192 kB
VmallocTotal:   34359738367 kB
VmallocUsed:           0 kB
VmallocChunk:          0 kB
Percpu:            69120 kB
HardwareCorrupted:     0 kB
AnonHugePages:      4096 kB
ShmemHugePages:        0 kB
ShmemPmdMapped:        0 kB
HugePages_Total:       0
HugePages_Free:        0
HugePages_Rsvd:        0
HugePages_Surp:        0
Hugepagesize:       2048 kB
Hugetlb:               0 kB
DirectMap4k:      432128 kB
DirectMap2M:     8454144 kB
DirectMap1G:    796917760 kB
