MemTotal:       97452780 kB
MemFree:        95423008 kB
MemAvailable:   95676772 kB
Buffers:          137672 kB
Cached:           880436 kB
SwapCached:            0 kB
Active:           582544 kB
Inactive:         462196 kB
Active(anon):      26796 kB
Inactive(anon):     9048 kB
Active(file):     555748 kB
Inactive(file):   453148 kB
Unevictable:           0 kB
Mlocked:               0 kB
SwapTotal:       3905532 kB
SwapFree:        3905532 kB
Dirty:               508 kB
Writeback:             0 kB
AnonPages:         26716 kB
Mapped:            35684 kB
Shmem:              9216 kB
Slab:             297976 kB
SReclaimable:     120452 kB
SUnreclaim:       177524 kB
KernelStack:        6864 kB
PageTables:         1032 kB
NFS_Unstable:          0 kB
Bounce:                0 kB
WritebackTmp:          0 kB
CommitLimit:    52631920 kB
Committed_AS:     681248 kB
VmallocTotal:   34359738367 kB
VmallocUsed:           0 kB
VmallocChunk:          0 kB
Percpu:            17760 kB
HardwareCorrupted:     0 kB
AnonHugePages:      6144 kB
ShmemHugePages:        0 kB
ShmemPmdMapped:        0 kB
HugePages_Total:       0
HugePages_Free:        0
HugePages_Rsvd:        0
HugePages_Surp:        0
Hugepagesize:       2048 kB
Hugetlb:               0 kB
DirectMap4k:      239344 kB
DirectMap2M:     5537792 kB
DirectMap1G:    95420416 kB
