MemTotal:       196669448 kB
MemFree:        194777064 kB
MemAvailable:   194709032 kB
Buffers:          143928 kB
Cached:           892536 kB
SwapCached:            0 kB
Active:           596848 kB
Inactive:         461068 kB
Active(anon):      21748 kB
Inactive(anon):     9772 kB
Active(file):     575100 kB
Inactive(file):   451296 kB
Unevictable:           0 kB
Mlocked:               0 kB
SwapTotal:       3905532 kB
SwapFree:        3905532 kB
Dirty:               536 kB
Writeback:             0 kB
AnonPages:         21352 kB
Mapped:            36316 kB
Shmem:              9952 kB
Slab:             338692 kB
SReclaimable:     127500 kB
SUnreclaim:       211192 kB
KernelStack:       10320 kB
PageTables:         1140 kB
NFS_Unstable:          0 kB
Bounce:                0 kB
WritebackTmp:          0 kB
CommitLimit:    102240256 kB
Committed_AS:     767896 kB
VmallocTotal:   34359738367 kB
VmallocUsed:           0 kB
VmallocChunk:          0 kB
Percpu:            22272 kB
HardwareCorrupted:     0 kB
AnonHugePages:         0 kB
ShmemHugePages:        0 kB
ShmemPmdMapped:        0 kB
HugePages_Total:       0
HugePages_Free:        0
HugePages_Rsvd:        0
HugePages_Surp:        0
Hugepagesize:       2048 kB
Hugetlb:               0 kB
DirectMap4k:      254036 kB
DirectMap2M:     5654528 kB
DirectMap1G:    196083712 kB
