MemTotal:       791033360 kB
MemFree:        788418336 kB
MemAvailable:   786516148 kB
Buffers:          140832 kB
Cached:           893356 kB
SwapCached:            0 kB
Active:           591332 kB
Inactive:         466788 kB
Active(anon):      24260 kB
Inactive(anon):    11020 kB
Active(file):     567072 kB
Inactive(file):   455768 kB
Unevictable:           0 kB
Mlocked:               0 kB
SwapTotal:       3905532 kB
SwapFree:        3905532 kB
Dirty:              5844 kB
Writeback:             0 kB
AnonPages:         24056 kB
Mapped:            36312 kB
Shmem:             11260 kB
Slab:             489992 kB
SReclaimable:     157568 kB
SUnreclaim:       332424 kB
KernelStack:       18512 kB
PageTables:          976 kB
NFS_Unstable:          0 kB
Bounce:                0 kB
WritebackTmp:          0 kB
CommitLimit:    399422212 kB
Committed_AS:     898816 kB
VmallocTotal:   34359738367 kB
VmallocUsed:           0 kB
VmallocChunk:          0 kB
Percpu:            69120 kB
HardwareCorrupted:     0 kB
AnonHugePages:      2048 kB
ShmemHugePages:        0 kB
ShmemPmdMapped:        0 kB
HugePages_Total:       0
HugePages_Free:        0
HugePages_Rsvd:        0
HugePages_Surp:        0
Hugepagesize:       2048 kB
Hugetlb:               0 kB
DirectMap4k:      432128 kB
DirectMap2M:     8454144 kB
DirectMap1G:    796917760 kB
