MemTotal:       97452612 kB
MemFree:        95392588 kB
MemAvailable:   95669868 kB
Buffers:          149080 kB
Cached:           900876 kB
SwapCached:            0 kB
Active:           603372 kB
Inactive:         469632 kB
Active(anon):      23236 kB
Inactive(anon):    17220 kB
Active(file):     580136 kB
Inactive(file):   452412 kB
Unevictable:           0 kB
Mlocked:               0 kB
SwapTotal:       3905532 kB
SwapFree:        3905532 kB
Dirty:               592 kB
Writeback:             0 kB
AnonPages:         23136 kB
Mapped:            38964 kB
Shmem:             17408 kB
Slab:             306692 kB
SReclaimable:     120172 kB
SUnreclaim:       186520 kB
KernelStack:        6720 kB
PageTables:         1004 kB
NFS_Unstable:          0 kB
Bounce:                0 kB
WritebackTmp:          0 kB
CommitLimit:    52631836 kB
Committed_AS:     776772 kB
VmallocTotal:   34359738367 kB
VmallocUsed:           0 kB
VmallocChunk:          0 kB
Percpu:            19200 kB
HardwareCorrupted:     0 kB
AnonHugePages:      2048 kB
ShmemHugePages:        0 kB
ShmemPmdMapped:        0 kB
HugePages_Total:       0
HugePages_Free:        0
HugePages_Rsvd:        0
HugePages_Surp:        0
Hugepagesize:       2048 kB
Hugetlb:               0 kB
DirectMap4k:      228936 kB
DirectMap2M:     5548032 kB
DirectMap1G:    95420416 kB
