MemTotal:       97452780 kB
MemFree:        95416220 kB
MemAvailable:   95675272 kB
Buffers:          137888 kB
Cached:           885628 kB
SwapCached:            0 kB
Active:           584128 kB
Inactive:         465216 kB
Active(anon):      26348 kB
Inactive(anon):     9028 kB
Active(file):     557780 kB
Inactive(file):   456188 kB
Unevictable:           0 kB
Mlocked:               0 kB
SwapTotal:       3905532 kB
SwapFree:        3905532 kB
Dirty:              5124 kB
Writeback:             0 kB
AnonPages:         26052 kB
Mapped:            36024 kB
Shmem:              9216 kB
Slab:             298500 kB
SReclaimable:     120884 kB
SUnreclaim:       177616 kB
KernelStack:        7456 kB
PageTables:         1940 kB
NFS_Unstable:          0 kB
Bounce:                0 kB
WritebackTmp:          0 kB
CommitLimit:    52631920 kB
Committed_AS:     718908 kB
VmallocTotal:   34359738367 kB
VmallocUsed:           0 kB
VmallocChunk:          0 kB
Percpu:            23360 kB
HardwareCorrupted:     0 kB
AnonHugePages:     10240 kB
ShmemHugePages:        0 kB
ShmemPmdMapped:        0 kB
HugePages_Total:       0
HugePages_Free:        0
HugePages_Rsvd:        0
HugePages_Surp:        0
Hugepagesize:       2048 kB
Hugetlb:               0 kB
DirectMap4k:      220912 kB
DirectMap2M:     5556224 kB
DirectMap1G:    95420416 kB
