MemTotal:       791033360 kB
MemFree:        788408756 kB
MemAvailable:   786510296 kB
Buffers:          145312 kB
Cached:           893212 kB
SwapCached:            0 kB
Active:           599204 kB
Inactive:         461708 kB
Active(anon):      22644 kB
Inactive(anon):    11020 kB
Active(file):     576560 kB
Inactive(file):   450688 kB
Unevictable:           0 kB
Mlocked:               0 kB
SwapTotal:       3905532 kB
SwapFree:        3905532 kB
Dirty:               324 kB
Writeback:             0 kB
AnonPages:         22156 kB
Mapped:            36472 kB
Shmem:             11260 kB
Slab:             509244 kB
SReclaimable:     160608 kB
SUnreclaim:       348636 kB
KernelStack:       18736 kB
PageTables:          980 kB
NFS_Unstable:          0 kB
Bounce:                0 kB
WritebackTmp:          0 kB
CommitLimit:    399422212 kB
Committed_AS:     827596 kB
VmallocTotal:   34359738367 kB
VmallocUsed:           0 kB
VmallocChunk:          0 kB
Percpu:            67584 kB
HardwareCorrupted:     0 kB
AnonHugePages:      2048 kB
ShmemHugePages:        0 kB
ShmemPmdMapped:        0 kB
HugePages_Total:       0
HugePages_Free:        0
HugePages_Rsvd:        0
HugePages_Surp:        0
Hugepagesize:       2048 kB
Hugetlb:               0 kB
DirectMap4k:      417792 kB
DirectMap2M:     8468480 kB
DirectMap1G:    796917760 kB
