MemTotal:       196669312 kB
MemFree:        195797608 kB
MemAvailable:   195002376 kB
Buffers:           11496 kB
Cached:            99032 kB
SwapCached:            0 kB
Active:            96884 kB
Inactive:          31492 kB
Active(anon):      18848 kB
Inactive(anon):     9744 kB
Active(file):      78036 kB
Inactive(file):    21748 kB
Unevictable:           0 kB
Mlocked:               0 kB
SwapTotal:       3905532 kB
SwapFree:        3905532 kB
Dirty:                40 kB
Writeback:             0 kB
AnonPages:         18816 kB
Mapped:            23980 kB
Shmem:              9948 kB
Slab:             185140 kB
SReclaimable:      57492 kB
SUnreclaim:       127648 kB
KernelStack:       10336 kB
PageTables:          848 kB
NFS_Unstable:          0 kB
Bounce:                0 kB
WritebackTmp:          0 kB
CommitLimit:    102240188 kB
Committed_AS:     282656 kB
VmallocTotal:   34359738367 kB
VmallocUsed:           0 kB
VmallocChunk:          0 kB
Percpu:            21504 kB
HardwareCorrupted:     0 kB
AnonHugePages:      2048 kB
ShmemHugePages:        0 kB
ShmemPmdMapped:        0 kB
HugePages_Total:       0
HugePages_Free:        0
HugePages_Rsvd:        0
HugePages_Surp:        0
Hugepagesize:       2048 kB
Hugetlb:               0 kB
DirectMap4k:      235468 kB
DirectMap2M:     5672960 kB
DirectMap1G:    196083712 kB
