MemTotal:       97452780 kB
MemFree:        95427264 kB
MemAvailable:   95688628 kB
Buffers:          139580 kB
Cached:           886508 kB
SwapCached:            0 kB
Active:           584680 kB
Inactive:         466988 kB
Active(anon):      25496 kB
Inactive(anon):     9028 kB
Active(file):     559184 kB
Inactive(file):   457960 kB
Unevictable:           0 kB
Mlocked:               0 kB
SwapTotal:       3905532 kB
SwapFree:        3905532 kB
Dirty:              5584 kB
Writeback:             0 kB
AnonPages:         25116 kB
Mapped:            35504 kB
Shmem:              9216 kB
Slab:             294984 kB
SReclaimable:     119156 kB
SUnreclaim:       175828 kB
KernelStack:        6896 kB
PageTables:          848 kB
NFS_Unstable:          0 kB
Bounce:                0 kB
WritebackTmp:          0 kB
CommitLimit:    52631920 kB
Committed_AS:     744860 kB
VmallocTotal:   34359738367 kB
VmallocUsed:           0 kB
VmallocChunk:          0 kB
Percpu:            21120 kB
HardwareCorrupted:     0 kB
AnonHugePages:      8192 kB
ShmemHugePages:        0 kB
ShmemPmdMapped:        0 kB
HugePages_Total:       0
HugePages_Free:        0
HugePages_Rsvd:        0
HugePages_Surp:        0
Hugepagesize:       2048 kB
Hugetlb:               0 kB
DirectMap4k:      220912 kB
DirectMap2M:     6604800 kB
DirectMap1G:    94371840 kB
