MemTotal:       791033364 kB
MemFree:        788398088 kB
MemAvailable:   786502604 kB
Buffers:          142260 kB
Cached:           900652 kB
SwapCached:            0 kB
Active:           594684 kB
Inactive:         471076 kB
Active(anon):      22816 kB
Inactive(anon):    11040 kB
Active(file):     571868 kB
Inactive(file):   460036 kB
Unevictable:           0 kB
Mlocked:               0 kB
SwapTotal:       3905532 kB
SwapFree:        3905532 kB
Dirty:              8680 kB
Writeback:             0 kB
AnonPages:         22876 kB
Mapped:            36496 kB
Shmem:             11260 kB
Slab:             517664 kB
SReclaimable:     161708 kB
SUnreclaim:       355956 kB
KernelStack:       18656 kB
PageTables:         1048 kB
NFS_Unstable:          0 kB
Bounce:                0 kB
WritebackTmp:          0 kB
CommitLimit:    399422212 kB
Committed_AS:    1128612 kB
VmallocTotal:   34359738367 kB
VmallocUsed:           0 kB
VmallocChunk:          0 kB
Percpu:            50688 kB
HardwareCorrupted:     0 kB
AnonHugePages:      6144 kB
ShmemHugePages:        0 kB
ShmemPmdMapped:        0 kB
HugePages_Total:       0
HugePages_Free:        0
HugePages_Rsvd:        0
HugePages_Surp:        0
Hugepagesize:       2048 kB
Hugetlb:               0 kB
DirectMap4k:      438272 kB
DirectMap2M:     7399424 kB
DirectMap1G:    797966336 kB
