MemTotal:       196669432 kB
MemFree:        194795424 kB
MemAvailable:   194718180 kB
Buffers:          139080 kB
Cached:           889560 kB
SwapCached:            0 kB
Active:           581880 kB
Inactive:         468540 kB
Active(anon):      22224 kB
Inactive(anon):     9760 kB
Active(file):     559656 kB
Inactive(file):   458780 kB
Unevictable:           0 kB
Mlocked:               0 kB
SwapTotal:       3905532 kB
SwapFree:        3905532 kB
Dirty:              5072 kB
Writeback:             0 kB
AnonPages:         22572 kB
Mapped:            35816 kB
Shmem:              9972 kB
Slab:             320780 kB
SReclaimable:     124944 kB
SUnreclaim:       195836 kB
KernelStack:       10272 kB
PageTables:         1476 kB
NFS_Unstable:          0 kB
Bounce:                0 kB
WritebackTmp:          0 kB
CommitLimit:    102240248 kB
Committed_AS:     815852 kB
VmallocTotal:   34359738367 kB
VmallocUsed:           0 kB
VmallocChunk:          0 kB
Percpu:            21504 kB
HardwareCorrupted:     0 kB
AnonHugePages:      6144 kB
ShmemHugePages:        0 kB
ShmemPmdMapped:        0 kB
HugePages_Total:       0
HugePages_Free:        0
HugePages_Rsvd:        0
HugePages_Surp:        0
Hugepagesize:       2048 kB
Hugetlb:               0 kB
DirectMap4k:      258116 kB
DirectMap2M:     6699008 kB
DirectMap1G:    195035136 kB
