MemTotal:       196669448 kB
MemFree:        194796748 kB
MemAvailable:   194719600 kB
Buffers:          140876 kB
Cached:           886764 kB
SwapCached:            0 kB
Active:           588764 kB
Inactive:         460220 kB
Active(anon):      21556 kB
Inactive(anon):     9772 kB
Active(file):     567208 kB
Inactive(file):   450448 kB
Unevictable:           0 kB
Mlocked:               0 kB
SwapTotal:       3905532 kB
SwapFree:        3905532 kB
Dirty:               512 kB
Writeback:             0 kB
AnonPages:         21404 kB
Mapped:            35836 kB
Shmem:              9952 kB
Slab:             332448 kB
SReclaimable:     126760 kB
SUnreclaim:       205688 kB
KernelStack:       10240 kB
PageTables:          968 kB
NFS_Unstable:          0 kB
Bounce:                0 kB
WritebackTmp:          0 kB
CommitLimit:    102240256 kB
Committed_AS:     788868 kB
VmallocTotal:   34359738367 kB
VmallocUsed:           0 kB
VmallocChunk:          0 kB
Percpu:            22272 kB
HardwareCorrupted:     0 kB
AnonHugePages:         0 kB
ShmemHugePages:        0 kB
ShmemPmdMapped:        0 kB
HugePages_Total:       0
HugePages_Free:        0
HugePages_Rsvd:        0
HugePages_Surp:        0
Hugepagesize:       2048 kB
Hugetlb:               0 kB
DirectMap4k:      254036 kB
DirectMap2M:     5654528 kB
DirectMap1G:    196083712 kB
