MemTotal:       97452780 kB
MemFree:        95413332 kB
MemAvailable:   95682360 kB
Buffers:          144768 kB
Cached:           888452 kB
SwapCached:            0 kB
Active:           597824 kB
Inactive:         459688 kB
Active(anon):      24480 kB
Inactive(anon):     9028 kB
Active(file):     573344 kB
Inactive(file):   450660 kB
Unevictable:           0 kB
Mlocked:               0 kB
SwapTotal:       3905532 kB
SwapFree:        3905532 kB
Dirty:               820 kB
Writeback:             0 kB
AnonPages:         24288 kB
Mapped:            35328 kB
Shmem:              9216 kB
Slab:             303596 kB
SReclaimable:     120764 kB
SUnreclaim:       182832 kB
KernelStack:        6832 kB
PageTables:         1088 kB
NFS_Unstable:          0 kB
Bounce:                0 kB
WritebackTmp:          0 kB
CommitLimit:    52631920 kB
Committed_AS:     676152 kB
VmallocTotal:   34359738367 kB
VmallocUsed:           0 kB
VmallocChunk:          0 kB
Percpu:            21120 kB
HardwareCorrupted:     0 kB
AnonHugePages:     47104 kB
ShmemHugePages:        0 kB
ShmemPmdMapped:        0 kB
HugePages_Total:       0
HugePages_Free:        0
HugePages_Rsvd:        0
HugePages_Surp:        0
Hugepagesize:       2048 kB
Hugetlb:               0 kB
DirectMap4k:      220912 kB
DirectMap2M:     6604800 kB
DirectMap1G:    94371840 kB
