MemTotal:       791033360 kB
MemFree:        788461852 kB
MemAvailable:   786557072 kB
Buffers:          140020 kB
Cached:           890476 kB
SwapCached:            0 kB
Active:           591036 kB
Inactive:         466052 kB
Active(anon):      27504 kB
Inactive(anon):    11020 kB
Active(file):     563532 kB
Inactive(file):   455032 kB
Unevictable:           0 kB
Mlocked:               0 kB
SwapTotal:       3905532 kB
SwapFree:        3905532 kB
Dirty:              4068 kB
Writeback:             0 kB
AnonPages:         26416 kB
Mapped:            37296 kB
Shmem:             11260 kB
Slab:             483440 kB
SReclaimable:     156656 kB
SUnreclaim:       326784 kB
KernelStack:       21056 kB
PageTables:         3688 kB
NFS_Unstable:          0 kB
Bounce:                0 kB
WritebackTmp:          0 kB
CommitLimit:    399422212 kB
Committed_AS:    1138008 kB
VmallocTotal:   34359738367 kB
VmallocUsed:           0 kB
VmallocChunk:          0 kB
Percpu:            69120 kB
HardwareCorrupted:     0 kB
AnonHugePages:    798720 kB
ShmemHugePages:        0 kB
ShmemPmdMapped:        0 kB
HugePages_Total:       0
HugePages_Free:        0
HugePages_Rsvd:        0
HugePages_Surp:        0
Hugepagesize:       2048 kB
Hugetlb:               0 kB
DirectMap4k:      432128 kB
DirectMap2M:     8454144 kB
DirectMap1G:    796917760 kB
