MemTotal:       196669448 kB
MemFree:        194804724 kB
MemAvailable:   194713452 kB
Buffers:          136652 kB
Cached:           879952 kB
SwapCached:            0 kB
Active:           446204 kB
Inactive:         594676 kB
Active(anon):      24612 kB
Inactive(anon):     9736 kB
Active(file):     421592 kB
Inactive(file):   584940 kB
Unevictable:           0 kB
Mlocked:               0 kB
SwapTotal:       3905532 kB
SwapFree:        3905532 kB
Dirty:                72 kB
Writeback:             0 kB
AnonPages:         24404 kB
Mapped:            36172 kB
Shmem:              9956 kB
Slab:             288664 kB
SReclaimable:     120744 kB
SUnreclaim:       167920 kB
KernelStack:       10304 kB
PageTables:         1648 kB
NFS_Unstable:          0 kB
Bounce:                0 kB
WritebackTmp:          0 kB
CommitLimit:    102240256 kB
Committed_AS:     909344 kB
VmallocTotal:   34359738367 kB
VmallocUsed:           0 kB
VmallocChunk:          0 kB
Percpu:            22272 kB
HardwareCorrupted:     0 kB
AnonHugePages:      4096 kB
ShmemHugePages:        0 kB
ShmemPmdMapped:        0 kB
HugePages_Total:       0
HugePages_Free:        0
HugePages_Rsvd:        0
HugePages_Surp:        0
Hugepagesize:       2048 kB
Hugetlb:               0 kB
DirectMap4k:      254036 kB
DirectMap2M:     6703104 kB
DirectMap1G:    195035136 kB
