MemTotal:       196669448 kB
MemFree:        194762424 kB
MemAvailable:   194710880 kB
Buffers:          146320 kB
Cached:           906808 kB
SwapCached:            0 kB
Active:           601268 kB
Inactive:         473280 kB
Active(anon):      22116 kB
Inactive(anon):     9772 kB
Active(file):     579152 kB
Inactive(file):   463508 kB
Unevictable:           0 kB
Mlocked:               0 kB
SwapTotal:       3905532 kB
SwapFree:        3905532 kB
Dirty:             11636 kB
Writeback:             0 kB
AnonPages:         22200 kB
Mapped:            36348 kB
Shmem:              9952 kB
Slab:             342752 kB
SReclaimable:     127952 kB
SUnreclaim:       214800 kB
KernelStack:       10272 kB
PageTables:         1512 kB
NFS_Unstable:          0 kB
Bounce:                0 kB
WritebackTmp:          0 kB
CommitLimit:    102240256 kB
Committed_AS:     738656 kB
VmallocTotal:   34359738367 kB
VmallocUsed:           0 kB
VmallocChunk:          0 kB
Percpu:            22272 kB
HardwareCorrupted:     0 kB
AnonHugePages:         0 kB
ShmemHugePages:        0 kB
ShmemPmdMapped:        0 kB
HugePages_Total:       0
HugePages_Free:        0
HugePages_Rsvd:        0
HugePages_Surp:        0
Hugepagesize:       2048 kB
Hugetlb:               0 kB
DirectMap4k:      254036 kB
DirectMap2M:     5654528 kB
DirectMap1G:    196083712 kB
