MemTotal:       97452780 kB
MemFree:        95419012 kB
MemAvailable:   95676584 kB
Buffers:          139176 kB
Cached:           882480 kB
SwapCached:            0 kB
Active:           588428 kB
Inactive:         459584 kB
Active(anon):      26540 kB
Inactive(anon):     9048 kB
Active(file):     561888 kB
Inactive(file):   450536 kB
Unevictable:           0 kB
Mlocked:               0 kB
SwapTotal:       3905532 kB
SwapFree:        3905532 kB
Dirty:               512 kB
Writeback:             0 kB
AnonPages:         26388 kB
Mapped:            35740 kB
Shmem:              9216 kB
Slab:             301036 kB
SReclaimable:     121012 kB
SUnreclaim:       180024 kB
KernelStack:        6848 kB
PageTables:         1004 kB
NFS_Unstable:          0 kB
Bounce:                0 kB
WritebackTmp:          0 kB
CommitLimit:    52631920 kB
Committed_AS:     692772 kB
VmallocTotal:   34359738367 kB
VmallocUsed:           0 kB
VmallocChunk:          0 kB
Percpu:            17760 kB
HardwareCorrupted:     0 kB
AnonHugePages:      6144 kB
ShmemHugePages:        0 kB
ShmemPmdMapped:        0 kB
HugePages_Total:       0
HugePages_Free:        0
HugePages_Rsvd:        0
HugePages_Surp:        0
Hugepagesize:       2048 kB
Hugetlb:               0 kB
DirectMap4k:      239344 kB
DirectMap2M:     5537792 kB
DirectMap1G:    95420416 kB
