MemTotal:       196669448 kB
MemFree:        195801056 kB
MemAvailable:   195005764 kB
Buffers:           11884 kB
Cached:            98296 kB
SwapCached:            0 kB
Active:            96968 kB
Inactive:          32060 kB
Active(anon):      19100 kB
Inactive(anon):     9736 kB
Active(file):      77868 kB
Inactive(file):    22324 kB
Unevictable:           0 kB
Mlocked:               0 kB
SwapTotal:       3905532 kB
SwapFree:        3905532 kB
Dirty:                92 kB
Writeback:             0 kB
AnonPages:         19048 kB
Mapped:            23252 kB
Shmem:              9952 kB
Slab:             184396 kB
SReclaimable:      56956 kB
SUnreclaim:       127440 kB
KernelStack:       10192 kB
PageTables:          868 kB
NFS_Unstable:          0 kB
Bounce:                0 kB
WritebackTmp:          0 kB
CommitLimit:    102240256 kB
Committed_AS:     397452 kB
VmallocTotal:   34359738367 kB
VmallocUsed:           0 kB
VmallocChunk:          0 kB
Percpu:            21504 kB
HardwareCorrupted:     0 kB
AnonHugePages:      2048 kB
ShmemHugePages:        0 kB
ShmemPmdMapped:        0 kB
HugePages_Total:       0
HugePages_Free:        0
HugePages_Rsvd:        0
HugePages_Surp:        0
Hugepagesize:       2048 kB
Hugetlb:               0 kB
DirectMap4k:      249940 kB
DirectMap2M:     5658624 kB
DirectMap1G:    196083712 kB
