MemTotal:       791033364 kB
MemFree:        788431908 kB
MemAvailable:   786526176 kB
Buffers:          139008 kB
Cached:           886844 kB
SwapCached:            0 kB
Active:           589024 kB
Inactive:         461496 kB
Active(anon):      24900 kB
Inactive(anon):    11032 kB
Active(file):     564124 kB
Inactive(file):   450464 kB
Unevictable:           0 kB
Mlocked:               0 kB
SwapTotal:       3905532 kB
SwapFree:        3905532 kB
Dirty:               296 kB
Writeback:             0 kB
AnonPages:         24448 kB
Mapped:            36360 kB
Shmem:             11260 kB
Slab:             488344 kB
SReclaimable:     158536 kB
SUnreclaim:       329808 kB
KernelStack:       18672 kB
PageTables:         1040 kB
NFS_Unstable:          0 kB
Bounce:                0 kB
WritebackTmp:          0 kB
CommitLimit:    399422212 kB
Committed_AS:    1441032 kB
VmallocTotal:   34359738367 kB
VmallocUsed:           0 kB
VmallocChunk:          0 kB
Percpu:            52224 kB
HardwareCorrupted:     0 kB
AnonHugePages:      4096 kB
ShmemHugePages:        0 kB
ShmemPmdMapped:        0 kB
HugePages_Total:       0
HugePages_Free:        0
HugePages_Rsvd:        0
HugePages_Surp:        0
Hugepagesize:       2048 kB
Hugetlb:               0 kB
DirectMap4k:      423936 kB
DirectMap2M:    10559488 kB
DirectMap1G:    794820608 kB
