MemTotal:       97452612 kB
MemFree:        95419688 kB
MemAvailable:   95680748 kB
Buffers:          139656 kB
Cached:           894732 kB
SwapCached:            0 kB
Active:           582600 kB
Inactive:         477388 kB
Active(anon):      25536 kB
Inactive(anon):    17220 kB
Active(file):     557064 kB
Inactive(file):   460168 kB
Unevictable:           0 kB
Mlocked:               0 kB
SwapTotal:       3905532 kB
SwapFree:        3905532 kB
Dirty:              5728 kB
Writeback:             0 kB
AnonPages:         25200 kB
Mapped:            39528 kB
Shmem:             17408 kB
Slab:             295788 kB
SReclaimable:     118372 kB
SUnreclaim:       177416 kB
KernelStack:        8032 kB
PageTables:         1996 kB
NFS_Unstable:          0 kB
Bounce:                0 kB
WritebackTmp:          0 kB
CommitLimit:    52631836 kB
Committed_AS:     724640 kB
VmallocTotal:   34359738367 kB
VmallocUsed:           0 kB
VmallocChunk:          0 kB
Percpu:            19200 kB
HardwareCorrupted:     0 kB
AnonHugePages:     22528 kB
ShmemHugePages:        0 kB
ShmemPmdMapped:        0 kB
HugePages_Total:       0
HugePages_Free:        0
HugePages_Rsvd:        0
HugePages_Surp:        0
Hugepagesize:       2048 kB
Hugetlb:               0 kB
DirectMap4k:      228936 kB
DirectMap2M:     5548032 kB
DirectMap1G:    95420416 kB
