MemTotal:       196669312 kB
MemFree:        194806496 kB
MemAvailable:   194719088 kB
Buffers:          136464 kB
Cached:           882492 kB
SwapCached:            0 kB
Active:           575836 kB
Inactive:         465352 kB
Active(anon):      22480 kB
Inactive(anon):     9748 kB
Active(file):     553356 kB
Inactive(file):   455604 kB
Unevictable:           0 kB
Mlocked:               0 kB
SwapTotal:       3905532 kB
SwapFree:        3905532 kB
Dirty:               528 kB
Writeback:             0 kB
AnonPages:         22328 kB
Mapped:            36180 kB
Shmem:              9952 kB
Slab:             305312 kB
SReclaimable:     123616 kB
SUnreclaim:       181696 kB
KernelStack:       10160 kB
PageTables:         1340 kB
NFS_Unstable:          0 kB
Bounce:                0 kB
WritebackTmp:          0 kB
CommitLimit:    102240188 kB
Committed_AS:     853024 kB
VmallocTotal:   34359738367 kB
VmallocUsed:           0 kB
VmallocChunk:          0 kB
Percpu:            22272 kB
HardwareCorrupted:     0 kB
AnonHugePages:      2048 kB
ShmemHugePages:        0 kB
ShmemPmdMapped:        0 kB
HugePages_Total:       0
HugePages_Free:        0
HugePages_Rsvd:        0
HugePages_Surp:        0
Hugepagesize:       2048 kB
Hugetlb:               0 kB
DirectMap4k:      235468 kB
DirectMap2M:     5672960 kB
DirectMap1G:    196083712 kB
