MemTotal:       791033364 kB
MemFree:        788452604 kB
MemAvailable:   786545944 kB
Buffers:          136736 kB
Cached:           890248 kB
SwapCached:            0 kB
Active:           583008 kB
Inactive:         466852 kB
Active(anon):      23152 kB
Inactive(anon):    11040 kB
Active(file):     559856 kB
Inactive(file):   455812 kB
Unevictable:           0 kB
Mlocked:               0 kB
SwapTotal:       3905532 kB
SwapFree:        3905532 kB
Dirty:              4468 kB
Writeback:             0 kB
AnonPages:         22460 kB
Mapped:            36536 kB
Shmem:             11260 kB
Slab:             470176 kB
SReclaimable:     155600 kB
SUnreclaim:       314576 kB
KernelStack:       18640 kB
PageTables:         1044 kB
NFS_Unstable:          0 kB
Bounce:                0 kB
WritebackTmp:          0 kB
CommitLimit:    399422212 kB
Committed_AS:    1360904 kB
VmallocTotal:   34359738367 kB
VmallocUsed:           0 kB
VmallocChunk:          0 kB
Percpu:            50688 kB
HardwareCorrupted:     0 kB
AnonHugePages:      6144 kB
ShmemHugePages:        0 kB
ShmemPmdMapped:        0 kB
HugePages_Total:       0
HugePages_Free:        0
HugePages_Rsvd:        0
HugePages_Surp:        0
Hugepagesize:       2048 kB
Hugetlb:               0 kB
DirectMap4k:      438272 kB
DirectMap2M:     7399424 kB
DirectMap1G:    797966336 kB
