MemTotal:       791033360 kB
MemFree:        788425408 kB
MemAvailable:   786524768 kB
Buffers:          143808 kB
Cached:           890748 kB
SwapCached:            0 kB
Active:           596464 kB
Inactive:         461092 kB
Active(anon):      23288 kB
Inactive(anon):    11020 kB
Active(file):     573176 kB
Inactive(file):   450072 kB
Unevictable:           0 kB
Mlocked:               0 kB
SwapTotal:       3905532 kB
SwapFree:        3905532 kB
Dirty:               328 kB
Writeback:             0 kB
AnonPages:         23108 kB
Mapped:            36420 kB
Shmem:             11260 kB
Slab:             502540 kB
SReclaimable:     160244 kB
SUnreclaim:       342296 kB
KernelStack:       18624 kB
PageTables:         1004 kB
NFS_Unstable:          0 kB
Bounce:                0 kB
WritebackTmp:          0 kB
CommitLimit:    399422212 kB
Committed_AS:     912680 kB
VmallocTotal:   34359738367 kB
VmallocUsed:           0 kB
VmallocChunk:          0 kB
Percpu:            67584 kB
HardwareCorrupted:     0 kB
AnonHugePages:      2048 kB
ShmemHugePages:        0 kB
ShmemPmdMapped:        0 kB
HugePages_Total:       0
HugePages_Free:        0
HugePages_Rsvd:        0
HugePages_Surp:        0
Hugepagesize:       2048 kB
Hugetlb:               0 kB
DirectMap4k:      417792 kB
DirectMap2M:     8468480 kB
DirectMap1G:    796917760 kB
