MemTotal:       97452780 kB
MemFree:        95377860 kB
MemAvailable:   95666048 kB
Buffers:          147628 kB
Cached:           903720 kB
SwapCached:            0 kB
Active:           607716 kB
Inactive:         472960 kB
Active(anon):      29264 kB
Inactive(anon):     9048 kB
Active(file):     578452 kB
Inactive(file):   463912 kB
Unevictable:           0 kB
Mlocked:               0 kB
SwapTotal:       3905532 kB
SwapFree:        3905532 kB
Dirty:             11644 kB
Writeback:             0 kB
AnonPages:         28928 kB
Mapped:            36820 kB
Shmem:              9216 kB
Slab:             310452 kB
SReclaimable:     122356 kB
SUnreclaim:       188096 kB
KernelStack:        7984 kB
PageTables:         3344 kB
NFS_Unstable:          0 kB
Bounce:                0 kB
WritebackTmp:          0 kB
CommitLimit:    52631920 kB
Committed_AS:     703080 kB
VmallocTotal:   34359738367 kB
VmallocUsed:           0 kB
VmallocChunk:          0 kB
Percpu:            17760 kB
HardwareCorrupted:     0 kB
AnonHugePages:     47104 kB
ShmemHugePages:        0 kB
ShmemPmdMapped:        0 kB
HugePages_Total:       0
HugePages_Free:        0
HugePages_Rsvd:        0
HugePages_Surp:        0
Hugepagesize:       2048 kB
Hugetlb:               0 kB
DirectMap4k:      239344 kB
DirectMap2M:     5537792 kB
DirectMap1G:    95420416 kB
