MemTotal:       196669448 kB
MemFree:        194796340 kB
MemAvailable:   194720376 kB
Buffers:          139096 kB
Cached:           890380 kB
SwapCached:            0 kB
Active:           587952 kB
Inactive:         467728 kB
Active(anon):      26496 kB
Inactive(anon):     9772 kB
Active(file):     561456 kB
Inactive(file):   457956 kB
Unevictable:           0 kB
Mlocked:               0 kB
SwapTotal:       3905532 kB
SwapFree:        3905532 kB
Dirty:              5612 kB
Writeback:             0 kB
AnonPages:         25744 kB
Mapped:            37700 kB
Shmem:              9952 kB
Slab:             327436 kB
SReclaimable:     125612 kB
SUnreclaim:       201824 kB
KernelStack:       13568 kB
PageTables:         4516 kB
NFS_Unstable:          0 kB
Bounce:                0 kB
WritebackTmp:          0 kB
CommitLimit:    102240256 kB
Committed_AS:     724456 kB
VmallocTotal:   34359738367 kB
VmallocUsed:           0 kB
VmallocChunk:          0 kB
Percpu:            22272 kB
HardwareCorrupted:     0 kB
AnonHugePages:     34816 kB
ShmemHugePages:        0 kB
ShmemPmdMapped:        0 kB
HugePages_Total:       0
HugePages_Free:        0
HugePages_Rsvd:        0
HugePages_Surp:        0
Hugepagesize:       2048 kB
Hugetlb:               0 kB
DirectMap4k:      254036 kB
DirectMap2M:     5654528 kB
DirectMap1G:    196083712 kB
