MemTotal:       791033360 kB
MemFree:        788404664 kB
MemAvailable:   786504316 kB
Buffers:          143700 kB
Cached:           892212 kB
SwapCached:            0 kB
Active:           599456 kB
Inactive:         461316 kB
Active(anon):      25196 kB
Inactive(anon):    11020 kB
Active(file):     574260 kB
Inactive(file):   450296 kB
Unevictable:           0 kB
Mlocked:               0 kB
SwapTotal:       3905532 kB
SwapFree:        3905532 kB
Dirty:               320 kB
Writeback:             0 kB
AnonPages:         24736 kB
Mapped:            36732 kB
Shmem:             11260 kB
Slab:             505528 kB
SReclaimable:     159520 kB
SUnreclaim:       346008 kB
KernelStack:       18656 kB
PageTables:         1028 kB
NFS_Unstable:          0 kB
Bounce:                0 kB
WritebackTmp:          0 kB
CommitLimit:    399422212 kB
Committed_AS:    1109520 kB
VmallocTotal:   34359738367 kB
VmallocUsed:           0 kB
VmallocChunk:          0 kB
Percpu:            69120 kB
HardwareCorrupted:     0 kB
AnonHugePages:      2048 kB
ShmemHugePages:        0 kB
ShmemPmdMapped:        0 kB
HugePages_Total:       0
HugePages_Free:        0
HugePages_Rsvd:        0
HugePages_Surp:        0
Hugepagesize:       2048 kB
Hugetlb:               0 kB
DirectMap4k:      432128 kB
DirectMap2M:     8454144 kB
DirectMap1G:    796917760 kB
