MemTotal:       97452780 kB
MemFree:        95378480 kB
MemAvailable:   95662836 kB
Buffers:          151656 kB
Cached:           896612 kB
SwapCached:            0 kB
Active:           607076 kB
Inactive:         463196 kB
Active(anon):      22188 kB
Inactive(anon):     9024 kB
Active(file):     584888 kB
Inactive(file):   454172 kB
Unevictable:           0 kB
Mlocked:               0 kB
SwapTotal:       3905532 kB
SwapFree:        3905532 kB
Dirty:               656 kB
Writeback:             0 kB
AnonPages:         22048 kB
Mapped:            35808 kB
Shmem:              9216 kB
Slab:             312404 kB
SReclaimable:     121304 kB
SUnreclaim:       191100 kB
KernelStack:        6832 kB
PageTables:          972 kB
NFS_Unstable:          0 kB
Bounce:                0 kB
WritebackTmp:          0 kB
CommitLimit:    52631920 kB
Committed_AS:     744328 kB
VmallocTotal:   34359738367 kB
VmallocUsed:           0 kB
VmallocChunk:          0 kB
Percpu:            21120 kB
HardwareCorrupted:     0 kB
AnonHugePages:      2048 kB
ShmemHugePages:        0 kB
ShmemPmdMapped:        0 kB
HugePages_Total:       0
HugePages_Free:        0
HugePages_Rsvd:        0
HugePages_Surp:        0
Hugepagesize:       2048 kB
Hugetlb:               0 kB
DirectMap4k:      243440 kB
DirectMap2M:     6582272 kB
DirectMap1G:    94371840 kB
