MemTotal:       196669448 kB
MemFree:        194800552 kB
MemAvailable:   194719188 kB
Buffers:          140268 kB
Cached:           884556 kB
SwapCached:            0 kB
Active:           583908 kB
Inactive:         462832 kB
Active(anon):      22124 kB
Inactive(anon):     9744 kB
Active(file):     561784 kB
Inactive(file):   453088 kB
Unevictable:           0 kB
Mlocked:               0 kB
SwapTotal:       3905532 kB
SwapFree:        3905532 kB
Dirty:               528 kB
Writeback:             0 kB
AnonPages:         21956 kB
Mapped:            36096 kB
Shmem:              9952 kB
Slab:             314008 kB
SReclaimable:     124088 kB
SUnreclaim:       189920 kB
KernelStack:       10336 kB
PageTables:          992 kB
NFS_Unstable:          0 kB
Bounce:                0 kB
WritebackTmp:          0 kB
CommitLimit:    102240256 kB
Committed_AS:     822092 kB
VmallocTotal:   34359738367 kB
VmallocUsed:           0 kB
VmallocChunk:          0 kB
Percpu:            22272 kB
HardwareCorrupted:     0 kB
AnonHugePages:         0 kB
ShmemHugePages:        0 kB
ShmemPmdMapped:        0 kB
HugePages_Total:       0
HugePages_Free:        0
HugePages_Rsvd:        0
HugePages_Surp:        0
Hugepagesize:       2048 kB
Hugetlb:               0 kB
DirectMap4k:      247892 kB
DirectMap2M:     6709248 kB
DirectMap1G:    195035136 kB
