MemTotal:       791033360 kB
MemFree:        788389052 kB
MemAvailable:   786498364 kB
Buffers:          146364 kB
Cached:           907228 kB
SwapCached:            0 kB
Active:           601160 kB
Inactive:         474200 kB
Active(anon):      22344 kB
Inactive(anon):    11020 kB
Active(file):     578816 kB
Inactive(file):   463180 kB
Unevictable:           0 kB
Mlocked:               0 kB
SwapTotal:       3905532 kB
SwapFree:        3905532 kB
Dirty:             11156 kB
Writeback:             0 kB
AnonPages:         22624 kB
Mapped:            36184 kB
Shmem:             11260 kB
Slab:             514580 kB
SReclaimable:     161396 kB
SUnreclaim:       353184 kB
KernelStack:       18624 kB
PageTables:         1016 kB
NFS_Unstable:          0 kB
Bounce:                0 kB
WritebackTmp:          0 kB
CommitLimit:    399422212 kB
Committed_AS:     997932 kB
VmallocTotal:   34359738367 kB
VmallocUsed:           0 kB
VmallocChunk:          0 kB
Percpu:            67584 kB
HardwareCorrupted:     0 kB
AnonHugePages:      2048 kB
ShmemHugePages:        0 kB
ShmemPmdMapped:        0 kB
HugePages_Total:       0
HugePages_Free:        0
HugePages_Rsvd:        0
HugePages_Surp:        0
Hugepagesize:       2048 kB
Hugetlb:               0 kB
DirectMap4k:      417792 kB
DirectMap2M:     8468480 kB
DirectMap1G:    796917760 kB
