MemTotal:       97452780 kB
MemFree:        95426060 kB
MemAvailable:   95684568 kB
Buffers:          140464 kB
Cached:           882904 kB
SwapCached:            0 kB
Active:           587656 kB
Inactive:         460004 kB
Active(anon):      24488 kB
Inactive(anon):     9028 kB
Active(file):     563168 kB
Inactive(file):   450976 kB
Unevictable:           0 kB
Mlocked:               0 kB
SwapTotal:       3905532 kB
SwapFree:        3905532 kB
Dirty:               560 kB
Writeback:             0 kB
AnonPages:         24328 kB
Mapped:            35600 kB
Shmem:              9216 kB
Slab:             296568 kB
SReclaimable:     119448 kB
SUnreclaim:       177120 kB
KernelStack:        6960 kB
PageTables:          992 kB
NFS_Unstable:          0 kB
Bounce:                0 kB
WritebackTmp:          0 kB
CommitLimit:    52631920 kB
Committed_AS:     735420 kB
VmallocTotal:   34359738367 kB
VmallocUsed:           0 kB
VmallocChunk:          0 kB
Percpu:            21120 kB
HardwareCorrupted:     0 kB
AnonHugePages:      4096 kB
ShmemHugePages:        0 kB
ShmemPmdMapped:        0 kB
HugePages_Total:       0
HugePages_Free:        0
HugePages_Rsvd:        0
HugePages_Surp:        0
Hugepagesize:       2048 kB
Hugetlb:               0 kB
DirectMap4k:      220912 kB
DirectMap2M:     6604800 kB
DirectMap1G:    94371840 kB
