MemTotal:       97452612 kB
MemFree:        95430280 kB
MemAvailable:   95683508 kB
Buffers:          138180 kB
Cached:           888896 kB
SwapCached:            0 kB
Active:           572692 kB
Inactive:         477828 kB
Active(anon):      23628 kB
Inactive(anon):    17220 kB
Active(file):     549064 kB
Inactive(file):   460608 kB
Unevictable:           0 kB
Mlocked:               0 kB
SwapTotal:       3905532 kB
SwapFree:        3905532 kB
Dirty:               664 kB
Writeback:             0 kB
AnonPages:         23472 kB
Mapped:            38992 kB
Shmem:             17408 kB
Slab:             289920 kB
SReclaimable:     117828 kB
SUnreclaim:       172092 kB
KernelStack:        6752 kB
PageTables:         1084 kB
NFS_Unstable:          0 kB
Bounce:                0 kB
WritebackTmp:          0 kB
CommitLimit:    52631836 kB
Committed_AS:     739072 kB
VmallocTotal:   34359738367 kB
VmallocUsed:           0 kB
VmallocChunk:          0 kB
Percpu:            19200 kB
HardwareCorrupted:     0 kB
AnonHugePages:      2048 kB
ShmemHugePages:        0 kB
ShmemPmdMapped:        0 kB
HugePages_Total:       0
HugePages_Free:        0
HugePages_Rsvd:        0
HugePages_Surp:        0
Hugepagesize:       2048 kB
Hugetlb:               0 kB
DirectMap4k:      228936 kB
DirectMap2M:     5548032 kB
DirectMap1G:    95420416 kB
