MemTotal:       97452780 kB
MemFree:        95410560 kB
MemAvailable:   95673408 kB
Buffers:          142620 kB
Cached:           884788 kB
SwapCached:            0 kB
Active:           590608 kB
Inactive:         459020 kB
Active(anon):      22412 kB
Inactive(anon):     9024 kB
Active(file):     568196 kB
Inactive(file):   449996 kB
Unevictable:           0 kB
Mlocked:               0 kB
SwapTotal:       3905532 kB
SwapFree:        3905532 kB
Dirty:               516 kB
Writeback:             0 kB
AnonPages:         22208 kB
Mapped:            35692 kB
Shmem:              9216 kB
Slab:             304680 kB
SReclaimable:     120028 kB
SUnreclaim:       184652 kB
KernelStack:        6848 kB
PageTables:          992 kB
NFS_Unstable:          0 kB
Bounce:                0 kB
WritebackTmp:          0 kB
CommitLimit:    52631920 kB
Committed_AS:     706208 kB
VmallocTotal:   34359738367 kB
VmallocUsed:           0 kB
VmallocChunk:          0 kB
Percpu:            21120 kB
HardwareCorrupted:     0 kB
AnonHugePages:      2048 kB
ShmemHugePages:        0 kB
ShmemPmdMapped:        0 kB
HugePages_Total:       0
HugePages_Free:        0
HugePages_Rsvd:        0
HugePages_Surp:        0
Hugepagesize:       2048 kB
Hugetlb:               0 kB
DirectMap4k:      243440 kB
DirectMap2M:     6582272 kB
DirectMap1G:    94371840 kB
