MemTotal:       791033364 kB
MemFree:        788456944 kB
MemAvailable:   786548068 kB
Buffers:          136584 kB
Cached:           887820 kB
SwapCached:            0 kB
Active:           579116 kB
Inactive:         469224 kB
Active(anon):      24904 kB
Inactive(anon):    11032 kB
Active(file):     554212 kB
Inactive(file):   458192 kB
Unevictable:           0 kB
Mlocked:               0 kB
SwapTotal:       3905532 kB
SwapFree:        3905532 kB
Dirty:              3572 kB
Writeback:             0 kB
AnonPages:         24676 kB
Mapped:            36008 kB
Shmem:             11260 kB
Slab:             459320 kB
SReclaimable:     154432 kB
SUnreclaim:       304888 kB
KernelStack:       18624 kB
PageTables:          964 kB
NFS_Unstable:          0 kB
Bounce:                0 kB
WritebackTmp:          0 kB
CommitLimit:    399422212 kB
Committed_AS:    1453692 kB
VmallocTotal:   34359738367 kB
VmallocUsed:           0 kB
VmallocChunk:          0 kB
Percpu:            52224 kB
HardwareCorrupted:     0 kB
AnonHugePages:      4096 kB
ShmemHugePages:        0 kB
ShmemPmdMapped:        0 kB
HugePages_Total:       0
HugePages_Free:        0
HugePages_Rsvd:        0
HugePages_Surp:        0
Hugepagesize:       2048 kB
Hugetlb:               0 kB
DirectMap4k:      423936 kB
DirectMap2M:    10559488 kB
DirectMap1G:    794820608 kB
