MemTotal:       97452780 kB
MemFree:        95426268 kB
MemAvailable:   95682324 kB
Buffers:          138500 kB
Cached:           883652 kB
SwapCached:            0 kB
Active:           573212 kB
Inactive:         472584 kB
Active(anon):      24400 kB
Inactive(anon):     9024 kB
Active(file):     548812 kB
Inactive(file):   463560 kB
Unevictable:           0 kB
Mlocked:               0 kB
SwapTotal:       3905532 kB
SwapFree:        3905532 kB
Dirty:              4772 kB
Writeback:             0 kB
AnonPages:         23100 kB
Mapped:            36548 kB
Shmem:              9216 kB
Slab:             295976 kB
SReclaimable:     118088 kB
SUnreclaim:       177888 kB
KernelStack:        7744 kB
PageTables:         3100 kB
NFS_Unstable:          0 kB
Bounce:                0 kB
WritebackTmp:          0 kB
CommitLimit:    52631920 kB
Committed_AS:     714940 kB
VmallocTotal:   34359738367 kB
VmallocUsed:           0 kB
VmallocChunk:          0 kB
Percpu:            21120 kB
HardwareCorrupted:     0 kB
AnonHugePages:     24576 kB
ShmemHugePages:        0 kB
ShmemPmdMapped:        0 kB
HugePages_Total:       0
HugePages_Free:        0
HugePages_Rsvd:        0
HugePages_Surp:        0
Hugepagesize:       2048 kB
Hugetlb:               0 kB
DirectMap4k:      243440 kB
DirectMap2M:     6582272 kB
DirectMap1G:    94371840 kB
