MemTotal:       196669448 kB
MemFree:        194818420 kB
MemAvailable:   194727720 kB
Buffers:          136816 kB
Cached:           880188 kB
SwapCached:            0 kB
Active:           443668 kB
Inactive:         595180 kB
Active(anon):      22080 kB
Inactive(anon):     9752 kB
Active(file):     421588 kB
Inactive(file):   585428 kB
Unevictable:           0 kB
Mlocked:               0 kB
SwapTotal:       3905532 kB
SwapFree:        3905532 kB
Dirty:               608 kB
Writeback:             0 kB
AnonPages:         21900 kB
Mapped:            36156 kB
Shmem:              9956 kB
Slab:             289548 kB
SReclaimable:     121108 kB
SUnreclaim:       168440 kB
KernelStack:       10336 kB
PageTables:         1672 kB
NFS_Unstable:          0 kB
Bounce:                0 kB
WritebackTmp:          0 kB
CommitLimit:    102240256 kB
Committed_AS:     875292 kB
VmallocTotal:   34359738367 kB
VmallocUsed:           0 kB
VmallocChunk:          0 kB
Percpu:            22272 kB
HardwareCorrupted:     0 kB
AnonHugePages:         0 kB
ShmemHugePages:        0 kB
ShmemPmdMapped:        0 kB
HugePages_Total:       0
HugePages_Free:        0
HugePages_Rsvd:        0
HugePages_Surp:        0
Hugepagesize:       2048 kB
Hugetlb:               0 kB
DirectMap4k:      254036 kB
DirectMap2M:     7751680 kB
DirectMap1G:    193986560 kB
