MemTotal:       791033360 kB
MemFree:        788431756 kB
MemAvailable:   786530428 kB
Buffers:          143444 kB
Cached:           889972 kB
SwapCached:            0 kB
Active:           595068 kB
Inactive:         460940 kB
Active(anon):      22856 kB
Inactive(anon):    11020 kB
Active(file):     572212 kB
Inactive(file):   449920 kB
Unevictable:           0 kB
Mlocked:               0 kB
SwapTotal:       3905532 kB
SwapFree:        3905532 kB
Dirty:               276 kB
Writeback:             0 kB
AnonPages:         22424 kB
Mapped:            36408 kB
Shmem:             11260 kB
Slab:             500276 kB
SReclaimable:     159980 kB
SUnreclaim:       340296 kB
KernelStack:       18704 kB
PageTables:          932 kB
NFS_Unstable:          0 kB
Bounce:                0 kB
WritebackTmp:          0 kB
CommitLimit:    399422212 kB
Committed_AS:    1014692 kB
VmallocTotal:   34359738367 kB
VmallocUsed:           0 kB
VmallocChunk:          0 kB
Percpu:            67584 kB
HardwareCorrupted:     0 kB
AnonHugePages:      2048 kB
ShmemHugePages:        0 kB
ShmemPmdMapped:        0 kB
HugePages_Total:       0
HugePages_Free:        0
HugePages_Rsvd:        0
HugePages_Surp:        0
Hugepagesize:       2048 kB
Hugetlb:               0 kB
DirectMap4k:      417792 kB
DirectMap2M:     8468480 kB
DirectMap1G:    796917760 kB
