MemTotal:       97452780 kB
MemFree:        95412024 kB
MemAvailable:   95672896 kB
Buffers:          138368 kB
Cached:           886436 kB
SwapCached:            0 kB
Active:           586528 kB
Inactive:         466560 kB
Active(anon):      28176 kB
Inactive(anon):     9048 kB
Active(file):     558352 kB
Inactive(file):   457512 kB
Unevictable:           0 kB
Mlocked:               0 kB
SwapTotal:       3905532 kB
SwapFree:        3905532 kB
Dirty:              5772 kB
Writeback:             0 kB
AnonPages:         28104 kB
Mapped:            36196 kB
Shmem:              9216 kB
Slab:             300952 kB
SReclaimable:     120732 kB
SUnreclaim:       180220 kB
KernelStack:        7936 kB
PageTables:         3600 kB
NFS_Unstable:          0 kB
Bounce:                0 kB
WritebackTmp:          0 kB
CommitLimit:    52631920 kB
Committed_AS:     702060 kB
VmallocTotal:   34359738367 kB
VmallocUsed:           0 kB
VmallocChunk:          0 kB
Percpu:            17760 kB
HardwareCorrupted:     0 kB
AnonHugePages:     20480 kB
ShmemHugePages:        0 kB
ShmemPmdMapped:        0 kB
HugePages_Total:       0
HugePages_Free:        0
HugePages_Rsvd:        0
HugePages_Surp:        0
Hugepagesize:       2048 kB
Hugetlb:               0 kB
DirectMap4k:      239344 kB
DirectMap2M:     5537792 kB
DirectMap1G:    95420416 kB
