MemTotal:       791033360 kB
MemFree:        788460848 kB
MemAvailable:   786552996 kB
Buffers:          136740 kB
Cached:           889592 kB
SwapCached:            0 kB
Active:           576984 kB
Inactive:         471044 kB
Active(anon):      22480 kB
Inactive(anon):    11020 kB
Active(file):     554504 kB
Inactive(file):   460024 kB
Unevictable:           0 kB
Mlocked:               0 kB
SwapTotal:       3905532 kB
SwapFree:        3905532 kB
Dirty:              4072 kB
Writeback:             0 kB
AnonPages:         22320 kB
Mapped:            36668 kB
Shmem:             11260 kB
Slab:             461852 kB
SReclaimable:     154552 kB
SUnreclaim:       307300 kB
KernelStack:       18496 kB
PageTables:         1000 kB
NFS_Unstable:          0 kB
Bounce:                0 kB
WritebackTmp:          0 kB
CommitLimit:    399422212 kB
Committed_AS:    1543208 kB
VmallocTotal:   34359738367 kB
VmallocUsed:           0 kB
VmallocChunk:          0 kB
Percpu:            67584 kB
HardwareCorrupted:     0 kB
AnonHugePages:      4096 kB
ShmemHugePages:        0 kB
ShmemPmdMapped:        0 kB
HugePages_Total:       0
HugePages_Free:        0
HugePages_Rsvd:        0
HugePages_Surp:        0
Hugepagesize:       2048 kB
Hugetlb:               0 kB
DirectMap4k:      417792 kB
DirectMap2M:     8468480 kB
DirectMap1G:    796917760 kB
