MemTotal:       97452780 kB
MemFree:        95393404 kB
MemAvailable:   95663548 kB
Buffers:          144064 kB
Cached:           888440 kB
SwapCached:            0 kB
Active:           602272 kB
Inactive:         457420 kB
Active(anon):      26928 kB
Inactive(anon):     9028 kB
Active(file):     575344 kB
Inactive(file):   448392 kB
Unevictable:           0 kB
Mlocked:               0 kB
SwapTotal:       3905532 kB
SwapFree:        3905532 kB
Dirty:               652 kB
Writeback:             0 kB
AnonPages:         26440 kB
Mapped:            35864 kB
Shmem:              9216 kB
Slab:             309956 kB
SReclaimable:     123536 kB
SUnreclaim:       186420 kB
KernelStack:        7680 kB
PageTables:         3240 kB
NFS_Unstable:          0 kB
Bounce:                0 kB
WritebackTmp:          0 kB
CommitLimit:    52631920 kB
Committed_AS:     709428 kB
VmallocTotal:   34359738367 kB
VmallocUsed:           0 kB
VmallocChunk:          0 kB
Percpu:            23360 kB
HardwareCorrupted:     0 kB
AnonHugePages:     57344 kB
ShmemHugePages:        0 kB
ShmemPmdMapped:        0 kB
HugePages_Total:       0
HugePages_Free:        0
HugePages_Rsvd:        0
HugePages_Surp:        0
Hugepagesize:       2048 kB
Hugetlb:               0 kB
DirectMap4k:      220912 kB
DirectMap2M:     5556224 kB
DirectMap1G:    95420416 kB
