MemTotal:       196669448 kB
MemFree:        194749348 kB
MemAvailable:   194699860 kB
Buffers:          146812 kB
Cached:           907608 kB
SwapCached:            0 kB
Active:           605180 kB
Inactive:         474048 kB
Active(anon):      24968 kB
Inactive(anon):     9772 kB
Active(file):     580212 kB
Inactive(file):   464276 kB
Unevictable:           0 kB
Mlocked:               0 kB
SwapTotal:       3905532 kB
SwapFree:        3905532 kB
Dirty:             12312 kB
Writeback:             0 kB
AnonPages:         24472 kB
Mapped:            38048 kB
Shmem:              9952 kB
Slab:             344436 kB
SReclaimable:     128404 kB
SUnreclaim:       216032 kB
KernelStack:       12000 kB
PageTables:         3900 kB
NFS_Unstable:          0 kB
Bounce:                0 kB
WritebackTmp:          0 kB
CommitLimit:    102240256 kB
Committed_AS:     745088 kB
VmallocTotal:   34359738367 kB
VmallocUsed:           0 kB
VmallocChunk:          0 kB
Percpu:            22272 kB
HardwareCorrupted:     0 kB
AnonHugePages:     20480 kB
ShmemHugePages:        0 kB
ShmemPmdMapped:        0 kB
HugePages_Total:       0
HugePages_Free:        0
HugePages_Rsvd:        0
HugePages_Surp:        0
Hugepagesize:       2048 kB
Hugetlb:               0 kB
DirectMap4k:      254036 kB
DirectMap2M:     5654528 kB
DirectMap1G:    196083712 kB
