MemTotal:       791033360 kB
MemFree:        788419132 kB
MemAvailable:   786516700 kB
Buffers:          139336 kB
Cached:           894256 kB
SwapCached:            0 kB
Active:           589088 kB
Inactive:         466844 kB
Active(anon):      23164 kB
Inactive(anon):    11020 kB
Active(file):     565924 kB
Inactive(file):   455824 kB
Unevictable:           0 kB
Mlocked:               0 kB
SwapTotal:       3905532 kB
SwapFree:        3905532 kB
Dirty:              6128 kB
Writeback:             0 kB
AnonPages:         22736 kB
Mapped:            36636 kB
Shmem:             11260 kB
Slab:             489252 kB
SReclaimable:     158168 kB
SUnreclaim:       331084 kB
KernelStack:       18608 kB
PageTables:         1252 kB
NFS_Unstable:          0 kB
Bounce:                0 kB
WritebackTmp:          0 kB
CommitLimit:    399422212 kB
Committed_AS:    1189628 kB
VmallocTotal:   34359738367 kB
VmallocUsed:           0 kB
VmallocChunk:          0 kB
Percpu:            67584 kB
HardwareCorrupted:     0 kB
AnonHugePages:      6144 kB
ShmemHugePages:        0 kB
ShmemPmdMapped:        0 kB
HugePages_Total:       0
HugePages_Free:        0
HugePages_Rsvd:        0
HugePages_Surp:        0
Hugepagesize:       2048 kB
Hugetlb:               0 kB
DirectMap4k:      417792 kB
DirectMap2M:     8468480 kB
DirectMap1G:    796917760 kB
