MemTotal:       97452780 kB
MemFree:        95386332 kB
MemAvailable:   95663820 kB
Buffers:          144064 kB
Cached:           896868 kB
SwapCached:            0 kB
Active:           601860 kB
Inactive:         465352 kB
Active(anon):      26980 kB
Inactive(anon):     9028 kB
Active(file):     574880 kB
Inactive(file):   456324 kB
Unevictable:           0 kB
Mlocked:               0 kB
SwapTotal:       3905532 kB
SwapFree:        3905532 kB
Dirty:              8612 kB
Writeback:             0 kB
AnonPages:         26252 kB
Mapped:            35724 kB
Shmem:              9216 kB
Slab:             309848 kB
SReclaimable:     123284 kB
SUnreclaim:       186564 kB
KernelStack:        7696 kB
PageTables:         3256 kB
NFS_Unstable:          0 kB
Bounce:                0 kB
WritebackTmp:          0 kB
CommitLimit:    52631920 kB
Committed_AS:     708784 kB
VmallocTotal:   34359738367 kB
VmallocUsed:           0 kB
VmallocChunk:          0 kB
Percpu:            23360 kB
HardwareCorrupted:     0 kB
AnonHugePages:     28672 kB
ShmemHugePages:        0 kB
ShmemPmdMapped:        0 kB
HugePages_Total:       0
HugePages_Free:        0
HugePages_Rsvd:        0
HugePages_Surp:        0
Hugepagesize:       2048 kB
Hugetlb:               0 kB
DirectMap4k:      220912 kB
DirectMap2M:     5556224 kB
DirectMap1G:    95420416 kB
