MemTotal:       97452780 kB
MemFree:        95447148 kB
MemAvailable:   95697240 kB
Buffers:          137340 kB
Cached:           878480 kB
SwapCached:            0 kB
Active:           446656 kB
Inactive:         593436 kB
Active(anon):      24500 kB
Inactive(anon):     9028 kB
Active(file):     422156 kB
Inactive(file):   584408 kB
Unevictable:           0 kB
Mlocked:               0 kB
SwapTotal:       3905532 kB
SwapFree:        3905532 kB
Dirty:                 0 kB
Writeback:             0 kB
AnonPages:         24320 kB
Mapped:            35084 kB
Shmem:              9216 kB
Slab:             283636 kB
SReclaimable:     117776 kB
SUnreclaim:       165860 kB
KernelStack:        6944 kB
PageTables:         1708 kB
NFS_Unstable:          0 kB
Bounce:                0 kB
WritebackTmp:          0 kB
CommitLimit:    52631920 kB
Committed_AS:     719060 kB
VmallocTotal:   34359738367 kB
VmallocUsed:           0 kB
VmallocChunk:          0 kB
Percpu:            21120 kB
HardwareCorrupted:     0 kB
AnonHugePages:      4096 kB
ShmemHugePages:        0 kB
ShmemPmdMapped:        0 kB
HugePages_Total:       0
HugePages_Free:        0
HugePages_Rsvd:        0
HugePages_Surp:        0
Hugepagesize:       2048 kB
Hugetlb:               0 kB
DirectMap4k:      220912 kB
DirectMap2M:     6604800 kB
DirectMap1G:    94371840 kB
