MemTotal:       97452780 kB
MemFree:        95438000 kB
MemAvailable:   95686976 kB
Buffers:          135808 kB
Cached:           878240 kB
SwapCached:            0 kB
Active:           446440 kB
Inactive:         593956 kB
Active(anon):      26536 kB
Inactive(anon):     9048 kB
Active(file):     419904 kB
Inactive(file):   584908 kB
Unevictable:           0 kB
Mlocked:               0 kB
SwapTotal:       3905532 kB
SwapFree:        3905532 kB
Dirty:                 0 kB
Writeback:             0 kB
AnonPages:         26372 kB
Mapped:            35152 kB
Shmem:              9216 kB
Slab:             288076 kB
SReclaimable:     119044 kB
SUnreclaim:       169032 kB
KernelStack:        6960 kB
PageTables:          976 kB
NFS_Unstable:          0 kB
Bounce:                0 kB
WritebackTmp:          0 kB
CommitLimit:    52631920 kB
Committed_AS:     717672 kB
VmallocTotal:   34359738367 kB
VmallocUsed:           0 kB
VmallocChunk:          0 kB
Percpu:            17760 kB
HardwareCorrupted:     0 kB
AnonHugePages:      6144 kB
ShmemHugePages:        0 kB
ShmemPmdMapped:        0 kB
HugePages_Total:       0
HugePages_Free:        0
HugePages_Rsvd:        0
HugePages_Surp:        0
Hugepagesize:       2048 kB
Hugetlb:               0 kB
DirectMap4k:      239344 kB
DirectMap2M:     5537792 kB
DirectMap1G:    95420416 kB
