MemTotal:       196669452 kB
MemFree:        195805784 kB
MemAvailable:   195010072 kB
Buffers:           11484 kB
Cached:            98388 kB
SwapCached:            0 kB
Active:            96756 kB
Inactive:          32164 kB
Active(anon):      18732 kB
Inactive(anon):     9768 kB
Active(file):      78024 kB
Inactive(file):    22396 kB
Unevictable:           0 kB
Mlocked:               0 kB
SwapTotal:       3905532 kB
SwapFree:        3905532 kB
Dirty:               148 kB
Writeback:             0 kB
AnonPages:         18768 kB
Mapped:            23680 kB
Shmem:              9952 kB
Slab:             181396 kB
SReclaimable:      56076 kB
SUnreclaim:       125320 kB
KernelStack:       10256 kB
PageTables:          756 kB
NFS_Unstable:          0 kB
Bounce:                0 kB
WritebackTmp:          0 kB
CommitLimit:    102240256 kB
Committed_AS:     330160 kB
VmallocTotal:   34359738367 kB
VmallocUsed:           0 kB
VmallocChunk:          0 kB
Percpu:            22272 kB
HardwareCorrupted:     0 kB
AnonHugePages:      2048 kB
ShmemHugePages:        0 kB
ShmemPmdMapped:        0 kB
HugePages_Total:       0
HugePages_Free:        0
HugePages_Rsvd:        0
HugePages_Surp:        0
Hugepagesize:       2048 kB
Hugetlb:               0 kB
DirectMap4k:      241752 kB
DirectMap2M:     5666816 kB
DirectMap1G:    196083712 kB
