MemTotal:       97452780 kB
MemFree:        95386620 kB
MemAvailable:   95673516 kB
Buffers:          147840 kB
Cached:           903216 kB
SwapCached:            0 kB
Active:           605724 kB
Inactive:         471596 kB
Active(anon):      26744 kB
Inactive(anon):     9028 kB
Active(file):     578980 kB
Inactive(file):   462568 kB
Unevictable:           0 kB
Mlocked:               0 kB
SwapTotal:       3905532 kB
SwapFree:        3905532 kB
Dirty:             11124 kB
Writeback:             0 kB
AnonPages:         26424 kB
Mapped:            36176 kB
Shmem:              9216 kB
Slab:             309136 kB
SReclaimable:     121408 kB
SUnreclaim:       187728 kB
KernelStack:        8224 kB
PageTables:         1584 kB
NFS_Unstable:          0 kB
Bounce:                0 kB
WritebackTmp:          0 kB
CommitLimit:    52631920 kB
Committed_AS:     714928 kB
VmallocTotal:   34359738367 kB
VmallocUsed:           0 kB
VmallocChunk:          0 kB
Percpu:            21120 kB
HardwareCorrupted:     0 kB
AnonHugePages:     24576 kB
ShmemHugePages:        0 kB
ShmemPmdMapped:        0 kB
HugePages_Total:       0
HugePages_Free:        0
HugePages_Rsvd:        0
HugePages_Surp:        0
Hugepagesize:       2048 kB
Hugetlb:               0 kB
DirectMap4k:      220912 kB
DirectMap2M:     6604800 kB
DirectMap1G:    94371840 kB
