MemTotal:       196669448 kB
MemFree:        194804432 kB
MemAvailable:   194719164 kB
Buffers:          138932 kB
Cached:           882180 kB
SwapCached:            0 kB
Active:           579520 kB
Inactive:         463524 kB
Active(anon):      22136 kB
Inactive(anon):     9744 kB
Active(file):     557384 kB
Inactive(file):   453780 kB
Unevictable:           0 kB
Mlocked:               0 kB
SwapTotal:       3905532 kB
SwapFree:        3905532 kB
Dirty:               376 kB
Writeback:             0 kB
AnonPages:         21948 kB
Mapped:            36088 kB
Shmem:              9952 kB
Slab:             310992 kB
SReclaimable:     123692 kB
SUnreclaim:       187300 kB
KernelStack:       10320 kB
PageTables:          992 kB
NFS_Unstable:          0 kB
Bounce:                0 kB
WritebackTmp:          0 kB
CommitLimit:    102240256 kB
Committed_AS:     776684 kB
VmallocTotal:   34359738367 kB
VmallocUsed:           0 kB
VmallocChunk:          0 kB
Percpu:            22272 kB
HardwareCorrupted:     0 kB
AnonHugePages:         0 kB
ShmemHugePages:        0 kB
ShmemPmdMapped:        0 kB
HugePages_Total:       0
HugePages_Free:        0
HugePages_Rsvd:        0
HugePages_Surp:        0
Hugepagesize:       2048 kB
Hugetlb:               0 kB
DirectMap4k:      247892 kB
DirectMap2M:     6709248 kB
DirectMap1G:    195035136 kB
