MemTotal:       97452780 kB
MemFree:        95410652 kB
MemAvailable:   95683020 kB
Buffers:          143264 kB
Cached:           893556 kB
SwapCached:            0 kB
Active:           594896 kB
Inactive:         467084 kB
Active(anon):      25400 kB
Inactive(anon):     9028 kB
Active(file):     569496 kB
Inactive(file):   458056 kB
Unevictable:           0 kB
Mlocked:               0 kB
SwapTotal:       3905532 kB
SwapFree:        3905532 kB
Dirty:              7920 kB
Writeback:             0 kB
AnonPages:         25244 kB
Mapped:            35512 kB
Shmem:              9216 kB
Slab:             302984 kB
SReclaimable:     120348 kB
SUnreclaim:       182636 kB
KernelStack:        7856 kB
PageTables:         1516 kB
NFS_Unstable:          0 kB
Bounce:                0 kB
WritebackTmp:          0 kB
CommitLimit:    52631920 kB
Committed_AS:     704452 kB
VmallocTotal:   34359738367 kB
VmallocUsed:           0 kB
VmallocChunk:          0 kB
Percpu:            21120 kB
HardwareCorrupted:     0 kB
AnonHugePages:     20480 kB
ShmemHugePages:        0 kB
ShmemPmdMapped:        0 kB
HugePages_Total:       0
HugePages_Free:        0
HugePages_Rsvd:        0
HugePages_Surp:        0
Hugepagesize:       2048 kB
Hugetlb:               0 kB
DirectMap4k:      220912 kB
DirectMap2M:     6604800 kB
DirectMap1G:    94371840 kB
