MemTotal:       196669448 kB
MemFree:        194806948 kB
MemAvailable:   194723996 kB
Buffers:          135936 kB
Cached:           886908 kB
SwapCached:            0 kB
Active:           575576 kB
Inactive:         468664 kB
Active(anon):      21656 kB
Inactive(anon):     9772 kB
Active(file):     553920 kB
Inactive(file):   458892 kB
Unevictable:           0 kB
Mlocked:               0 kB
SwapTotal:       3905532 kB
SwapFree:        3905532 kB
Dirty:              4572 kB
Writeback:             0 kB
AnonPages:         21352 kB
Mapped:            35776 kB
Shmem:              9952 kB
Slab:             317596 kB
SReclaimable:     124840 kB
SUnreclaim:       192756 kB
KernelStack:       10112 kB
PageTables:         1004 kB
NFS_Unstable:          0 kB
Bounce:                0 kB
WritebackTmp:          0 kB
CommitLimit:    102240256 kB
Committed_AS:     719108 kB
VmallocTotal:   34359738367 kB
VmallocUsed:           0 kB
VmallocChunk:          0 kB
Percpu:            22272 kB
HardwareCorrupted:     0 kB
AnonHugePages:         0 kB
ShmemHugePages:        0 kB
ShmemPmdMapped:        0 kB
HugePages_Total:       0
HugePages_Free:        0
HugePages_Rsvd:        0
HugePages_Surp:        0
Hugepagesize:       2048 kB
Hugetlb:               0 kB
DirectMap4k:      254036 kB
DirectMap2M:     5654528 kB
DirectMap1G:    196083712 kB
