MemTotal:       97452780 kB
MemFree:        95391412 kB
MemAvailable:   95675156 kB
Buffers:          146996 kB
Cached:           901320 kB
SwapCached:            0 kB
Active:           603912 kB
Inactive:         470168 kB
Active(anon):      26464 kB
Inactive(anon):     9028 kB
Active(file):     577448 kB
Inactive(file):   461140 kB
Unevictable:           0 kB
Mlocked:               0 kB
SwapTotal:       3905532 kB
SwapFree:        3905532 kB
Dirty:             10628 kB
Writeback:             0 kB
AnonPages:         25672 kB
Mapped:            36068 kB
Shmem:              9216 kB
Slab:             307024 kB
SReclaimable:     121028 kB
SUnreclaim:       185996 kB
KernelStack:        7952 kB
PageTables:         1360 kB
NFS_Unstable:          0 kB
Bounce:                0 kB
WritebackTmp:          0 kB
CommitLimit:    52631920 kB
Committed_AS:     740160 kB
VmallocTotal:   34359738367 kB
VmallocUsed:           0 kB
VmallocChunk:          0 kB
Percpu:            21120 kB
HardwareCorrupted:     0 kB
AnonHugePages:     32768 kB
ShmemHugePages:        0 kB
ShmemPmdMapped:        0 kB
HugePages_Total:       0
HugePages_Free:        0
HugePages_Rsvd:        0
HugePages_Surp:        0
Hugepagesize:       2048 kB
Hugetlb:               0 kB
DirectMap4k:      220912 kB
DirectMap2M:     6604800 kB
DirectMap1G:    94371840 kB
