MemTotal:       97452780 kB
MemFree:        95419348 kB
MemAvailable:   95675868 kB
Buffers:          140016 kB
Cached:           881504 kB
SwapCached:            0 kB
Active:           582836 kB
Inactive:         460688 kB
Active(anon):      22188 kB
Inactive(anon):     9024 kB
Active(file):     560648 kB
Inactive(file):   451664 kB
Unevictable:           0 kB
Mlocked:               0 kB
SwapTotal:       3905532 kB
SwapFree:        3905532 kB
Dirty:               492 kB
Writeback:             0 kB
AnonPages:         22008 kB
Mapped:            35748 kB
Shmem:              9216 kB
Slab:             300444 kB
SReclaimable:     119132 kB
SUnreclaim:       181312 kB
KernelStack:        6960 kB
PageTables:          992 kB
NFS_Unstable:          0 kB
Bounce:                0 kB
WritebackTmp:          0 kB
CommitLimit:    52631920 kB
Committed_AS:     706680 kB
VmallocTotal:   34359738367 kB
VmallocUsed:           0 kB
VmallocChunk:          0 kB
Percpu:            21120 kB
HardwareCorrupted:     0 kB
AnonHugePages:      2048 kB
ShmemHugePages:        0 kB
ShmemPmdMapped:        0 kB
HugePages_Total:       0
HugePages_Free:        0
HugePages_Rsvd:        0
HugePages_Surp:        0
Hugepagesize:       2048 kB
Hugetlb:               0 kB
DirectMap4k:      243440 kB
DirectMap2M:     6582272 kB
DirectMap1G:    94371840 kB
